<?xml version="1.0" encoding="ISO-8859-1" ?>
<link_info>
   <banner>TI ARM Linker PC v20.2.7.LTS</banner>
   <copyright>Copyright (c) 1996-2018 Texas Instruments Incorporated</copyright>
   <link_time>0x6658f667</link_time>
   <link_errors>0x0</link_errors>
   <output_file>group_101.out</output_file>
   <entry_point>
      <name>_c_int00_noargs</name>
      <address>0x3dd5</address>
   </entry_point>
   <input_file_list>
      <input_file id="fl-2">
         <path>.\</path>
         <kind>object</kind>
         <file>ADC.obj</file>
         <name>ADC.obj</name>
      </input_file>
      <input_file id="fl-3">
         <path>.\</path>
         <kind>object</kind>
         <file>buttons4.obj</file>
         <name>buttons4.obj</name>
      </input_file>
      <input_file id="fl-4">
         <path>.\</path>
         <kind>object</kind>
         <file>circBufT.obj</file>
         <name>circBufT.obj</name>
      </input_file>
      <input_file id="fl-5">
         <path>.\</path>
         <kind>object</kind>
         <file>display.obj</file>
         <name>display.obj</name>
      </input_file>
      <input_file id="fl-6">
         <path>.\</path>
         <kind>object</kind>
         <file>heliState.obj</file>
         <name>heliState.obj</name>
      </input_file>
      <input_file id="fl-7">
         <path>.\</path>
         <kind>object</kind>
         <file>main.obj</file>
         <name>main.obj</name>
      </input_file>
      <input_file id="fl-8">
         <path>.\</path>
         <kind>object</kind>
         <file>pwmRotor.obj</file>
         <name>pwmRotor.obj</name>
      </input_file>
      <input_file id="fl-9">
         <path>.\</path>
         <kind>object</kind>
         <file>quadrature.obj</file>
         <name>quadrature.obj</name>
      </input_file>
      <input_file id="fl-a">
         <path>.\</path>
         <kind>object</kind>
         <file>tm4c123gh6pm_startup_ccs.obj</file>
         <name>tm4c123gh6pm_startup_ccs.obj</name>
      </input_file>
      <input_file id="fl-b">
         <path>.\</path>
         <kind>object</kind>
         <file>uart.obj</file>
         <name>uart.obj</name>
      </input_file>
      <input_file id="fl-c">
         <path>.\</path>
         <kind>object</kind>
         <file>ustdlib.obj</file>
         <name>ustdlib.obj</name>
      </input_file>
      <input_file id="fl-d">
         <path>.\OrbitOLED\</path>
         <kind>object</kind>
         <file>OrbitOLEDInterface.obj</file>
         <name>OrbitOLEDInterface.obj</name>
      </input_file>
      <input_file id="fl-e">
         <path>.\OrbitOLED\lib_OrbitOled\</path>
         <kind>object</kind>
         <file>ChrFont0.obj</file>
         <name>ChrFont0.obj</name>
      </input_file>
      <input_file id="fl-f">
         <path>.\OrbitOLED\lib_OrbitOled\</path>
         <kind>object</kind>
         <file>FillPat.obj</file>
         <name>FillPat.obj</name>
      </input_file>
      <input_file id="fl-10">
         <path>.\OrbitOLED\lib_OrbitOled\</path>
         <kind>object</kind>
         <file>OrbitOled.obj</file>
         <name>OrbitOled.obj</name>
      </input_file>
      <input_file id="fl-11">
         <path>.\OrbitOLED\lib_OrbitOled\</path>
         <kind>object</kind>
         <file>OrbitOledChar.obj</file>
         <name>OrbitOledChar.obj</name>
      </input_file>
      <input_file id="fl-12">
         <path>.\OrbitOLED\lib_OrbitOled\</path>
         <kind>object</kind>
         <file>OrbitOledGrph.obj</file>
         <name>OrbitOledGrph.obj</name>
      </input_file>
      <input_file id="fl-13">
         <path>.\OrbitOLED\lib_OrbitOled\</path>
         <kind>object</kind>
         <file>delay.obj</file>
         <name>delay.obj</name>
      </input_file>
      <input_file id="fl-18">
         <kind>object</kind>
         <file>&lt;internal&gt;</file>
         <name>&lt;internal&gt;</name>
      </input_file>
      <input_file id="fl-ce">
         <path>C:\ti\ccs1250\ccs\tools\compiler\ti-cgt-arm_20.2.7.LTS\lib\</path>
         <kind>archive</kind>
         <file>rtsv7M4_T_le_v4SPD16_eabi.lib</file>
         <name>fd_div_t2.asm.obj</name>
      </input_file>
      <input_file id="fl-cf">
         <path>C:\ti\ccs1250\ccs\tools\compiler\ti-cgt-arm_20.2.7.LTS\lib\</path>
         <kind>archive</kind>
         <file>rtsv7M4_T_le_v4SPD16_eabi.lib</file>
         <name>fd_mul_t2.asm.obj</name>
      </input_file>
      <input_file id="fl-d0">
         <path>C:\ti\ccs1250\ccs\tools\compiler\ti-cgt-arm_20.2.7.LTS\lib\</path>
         <kind>archive</kind>
         <file>rtsv7M4_T_le_v4SPD16_eabi.lib</file>
         <name>fd_tos_t2.asm.obj</name>
      </input_file>
      <input_file id="fl-d1">
         <path>C:\ti\ccs1250\ccs\tools\compiler\ti-cgt-arm_20.2.7.LTS\lib\</path>
         <kind>archive</kind>
         <file>rtsv7M4_T_le_v4SPD16_eabi.lib</file>
         <name>fs_tod_t2.asm.obj</name>
      </input_file>
      <input_file id="fl-d2">
         <path>C:\ti\ccs1250\ccs\tools\compiler\ti-cgt-arm_20.2.7.LTS\lib\</path>
         <kind>archive</kind>
         <file>rtsv7M4_T_le_v4SPD16_eabi.lib</file>
         <name>i_tofd_t2.asm.obj</name>
      </input_file>
      <input_file id="fl-d3">
         <path>C:\ti\ccs1250\ccs\tools\compiler\ti-cgt-arm_20.2.7.LTS\lib\</path>
         <kind>archive</kind>
         <file>rtsv7M4_T_le_v4SPD16_eabi.lib</file>
         <name>u_divt2.asm.obj</name>
      </input_file>
      <input_file id="fl-d4">
         <path>C:\ti\ccs1250\ccs\tools\compiler\ti-cgt-arm_20.2.7.LTS\lib\</path>
         <kind>archive</kind>
         <file>rtsv7M4_T_le_v4SPD16_eabi.lib</file>
         <name>copy_zero_init.c.obj</name>
      </input_file>
      <input_file id="fl-d5">
         <path>C:\ti\ccs1250\ccs\tools\compiler\ti-cgt-arm_20.2.7.LTS\lib\</path>
         <kind>archive</kind>
         <file>rtsv7M4_T_le_v4SPD16_eabi.lib</file>
         <name>copy_decompress_none.c.obj</name>
      </input_file>
      <input_file id="fl-d6">
         <path>C:\ti\ccs1250\ccs\tools\compiler\ti-cgt-arm_20.2.7.LTS\lib\</path>
         <kind>archive</kind>
         <file>rtsv7M4_T_le_v4SPD16_eabi.lib</file>
         <name>copy_decompress_lzss.c.obj</name>
      </input_file>
      <input_file id="fl-d7">
         <path>C:\ti\ccs1250\ccs\tools\compiler\ti-cgt-arm_20.2.7.LTS\lib\</path>
         <kind>archive</kind>
         <file>rtsv7M4_T_le_v4SPD16_eabi.lib</file>
         <name>memory.c.obj</name>
      </input_file>
      <input_file id="fl-d8">
         <path>C:\ti\ccs1250\ccs\tools\compiler\ti-cgt-arm_20.2.7.LTS\lib\</path>
         <kind>archive</kind>
         <file>rtsv7M4_T_le_v4SPD16_eabi.lib</file>
         <name>boot_cortex_m.c.obj</name>
      </input_file>
      <input_file id="fl-d9">
         <path>C:\ti\ccs1250\ccs\tools\compiler\ti-cgt-arm_20.2.7.LTS\lib\</path>
         <kind>archive</kind>
         <file>rtsv7M4_T_le_v4SPD16_eabi.lib</file>
         <name>div0.asm.obj</name>
      </input_file>
      <input_file id="fl-da">
         <path>C:\ti\ccs1250\ccs\tools\compiler\ti-cgt-arm_20.2.7.LTS\lib\</path>
         <kind>archive</kind>
         <file>rtsv7M4_T_le_v4SPD16_eabi.lib</file>
         <name>memcpy_t2.asm.obj</name>
      </input_file>
      <input_file id="fl-db">
         <path>C:\ti\ccs1250\ccs\tools\compiler\ti-cgt-arm_20.2.7.LTS\lib\</path>
         <kind>archive</kind>
         <file>rtsv7M4_T_le_v4SPD16_eabi.lib</file>
         <name>memset_t2.asm.obj</name>
      </input_file>
      <input_file id="fl-dc">
         <path>C:\ti\ccs1250\ccs\tools\compiler\ti-cgt-arm_20.2.7.LTS\lib\</path>
         <kind>archive</kind>
         <file>rtsv7M4_T_le_v4SPD16_eabi.lib</file>
         <name>autoinit.c.obj</name>
      </input_file>
      <input_file id="fl-dd">
         <path>C:\ti\ccs1250\ccs\tools\compiler\ti-cgt-arm_20.2.7.LTS\lib\</path>
         <kind>archive</kind>
         <file>rtsv7M4_T_le_v4SPD16_eabi.lib</file>
         <name>pre_init.c.obj</name>
      </input_file>
      <input_file id="fl-de">
         <path>C:\ti\ccs1250\ccs\tools\compiler\ti-cgt-arm_20.2.7.LTS\lib\</path>
         <kind>archive</kind>
         <file>rtsv7M4_T_le_v4SPD16_eabi.lib</file>
         <name>cpy_tbl.c.obj</name>
      </input_file>
      <input_file id="fl-df">
         <path>C:\ti\ccs1250\ccs\tools\compiler\ti-cgt-arm_20.2.7.LTS\lib\</path>
         <kind>archive</kind>
         <file>rtsv7M4_T_le_v4SPD16_eabi.lib</file>
         <name>exit.c.obj</name>
      </input_file>
      <input_file id="fl-e0">
         <path>C:\ti\ccs1250\ccs\tools\compiler\ti-cgt-arm_20.2.7.LTS\lib\</path>
         <kind>archive</kind>
         <file>rtsv7M4_T_le_v4SPD16_eabi.lib</file>
         <name>_lock.c.obj</name>
      </input_file>
      <input_file id="fl-e1">
         <path>C:\ti\ccs1250\ccs\tools\compiler\ti-cgt-arm_20.2.7.LTS\lib\</path>
         <kind>archive</kind>
         <file>rtsv7M4_T_le_v4SPD16_eabi.lib</file>
         <name>args_main.c.obj</name>
      </input_file>
      <input_file id="fl-e2">
         <path>C:\ti\TivaWare_C_Series-2.2.0.295\driverlib\ccs\Debug\</path>
         <kind>archive</kind>
         <file>driverlib.lib</file>
         <name>adc.obj</name>
      </input_file>
      <input_file id="fl-e3">
         <path>C:\ti\TivaWare_C_Series-2.2.0.295\driverlib\ccs\Debug\</path>
         <kind>archive</kind>
         <file>driverlib.lib</file>
         <name>gpio.obj</name>
      </input_file>
      <input_file id="fl-e4">
         <path>C:\ti\TivaWare_C_Series-2.2.0.295\driverlib\ccs\Debug\</path>
         <kind>archive</kind>
         <file>driverlib.lib</file>
         <name>interrupt.obj</name>
      </input_file>
      <input_file id="fl-e5">
         <path>C:\ti\TivaWare_C_Series-2.2.0.295\driverlib\ccs\Debug\</path>
         <kind>archive</kind>
         <file>driverlib.lib</file>
         <name>pwm.obj</name>
      </input_file>
      <input_file id="fl-e6">
         <path>C:\ti\TivaWare_C_Series-2.2.0.295\driverlib\ccs\Debug\</path>
         <kind>archive</kind>
         <file>driverlib.lib</file>
         <name>ssi.obj</name>
      </input_file>
      <input_file id="fl-e7">
         <path>C:\ti\TivaWare_C_Series-2.2.0.295\driverlib\ccs\Debug\</path>
         <kind>archive</kind>
         <file>driverlib.lib</file>
         <name>sysctl.obj</name>
      </input_file>
      <input_file id="fl-e8">
         <path>C:\ti\TivaWare_C_Series-2.2.0.295\driverlib\ccs\Debug\</path>
         <kind>archive</kind>
         <file>driverlib.lib</file>
         <name>systick.obj</name>
      </input_file>
      <input_file id="fl-e9">
         <path>C:\ti\TivaWare_C_Series-2.2.0.295\driverlib\ccs\Debug\</path>
         <kind>archive</kind>
         <file>driverlib.lib</file>
         <name>timer.obj</name>
      </input_file>
      <input_file id="fl-ea">
         <path>C:\ti\TivaWare_C_Series-2.2.0.295\driverlib\ccs\Debug\</path>
         <kind>archive</kind>
         <file>driverlib.lib</file>
         <name>uart.obj</name>
      </input_file>
      <input_file id="fl-eb">
         <path>C:\ti\TivaWare_C_Series-2.2.0.295\driverlib\ccs\Debug\</path>
         <kind>archive</kind>
         <file>driverlib.lib</file>
         <name>cpu.obj</name>
      </input_file>
   </input_file_list>
   <object_component_list>
      <object_component id="oc-12">
         <name>.intvecs</name>
         <load_address>0x0</load_address>
         <run_address>0x0</run_address>
         <size>0x26c</size>
         <input_file_ref idref="fl-a"/>
      </object_component>
      <object_component id="oc-131">
         <name>.text</name>
         <load_address>0x26c</load_address>
         <run_address>0x26c</run_address>
         <size>0xc84</size>
         <input_file_ref idref="fl-c"/>
      </object_component>
      <object_component id="oc-377">
         <name>.text</name>
         <load_address>0xef0</load_address>
         <run_address>0xef0</run_address>
         <size>0x934</size>
         <input_file_ref idref="fl-12"/>
      </object_component>
      <object_component id="oc-118">
         <name>.text</name>
         <load_address>0x1824</load_address>
         <run_address>0x1824</run_address>
         <size>0x524</size>
         <input_file_ref idref="fl-8"/>
      </object_component>
      <object_component id="oc-205">
         <name>.text</name>
         <load_address>0x1d48</load_address>
         <run_address>0x1d48</run_address>
         <size>0x37c</size>
         <input_file_ref idref="fl-10"/>
      </object_component>
      <object_component id="oc-a2">
         <name>.text</name>
         <load_address>0x20c4</load_address>
         <run_address>0x20c4</run_address>
         <size>0x2b0</size>
         <input_file_ref idref="fl-7"/>
      </object_component>
      <object_component id="oc-124">
         <name>.text</name>
         <load_address>0x2374</load_address>
         <run_address>0x2374</run_address>
         <size>0x250</size>
         <input_file_ref idref="fl-6"/>
      </object_component>
      <object_component id="oc-100">
         <name>.text</name>
         <load_address>0x25c4</load_address>
         <run_address>0x25c4</run_address>
         <size>0x220</size>
         <input_file_ref idref="fl-3"/>
      </object_component>
      <object_component id="oc-345">
         <name>.text</name>
         <load_address>0x27e4</load_address>
         <run_address>0x27e4</run_address>
         <size>0x204</size>
         <input_file_ref idref="fl-11"/>
      </object_component>
      <object_component id="oc-10c">
         <name>.text</name>
         <load_address>0x29e8</load_address>
         <run_address>0x29e8</run_address>
         <size>0x1d2</size>
         <input_file_ref idref="fl-5"/>
      </object_component>
      <object_component id="oc-3f7">
         <name>.text:_nop</name>
         <load_address>0x2bba</load_address>
         <run_address>0x2bba</run_address>
         <size>0x2</size>
         <input_file_ref idref="fl-e0"/>
      </object_component>
      <object_component id="oc-1b1">
         <name>.text:GPIOPadConfigSet</name>
         <load_address>0x2bbc</load_address>
         <run_address>0x2bbc</run_address>
         <size>0x16c</size>
         <input_file_ref idref="fl-e3"/>
      </object_component>
      <object_component id="oc-26d">
         <name>.text</name>
         <load_address>0x2d28</load_address>
         <run_address>0x2d28</run_address>
         <size>0x136</size>
         <input_file_ref idref="fl-ce"/>
      </object_component>
      <object_component id="oc-3e4">
         <name>.text</name>
         <load_address>0x2e5e</load_address>
         <run_address>0x2e5e</run_address>
         <size>0x2</size>
         <input_file_ref idref="fl-d9"/>
      </object_component>
      <object_component id="oc-dc">
         <name>.text:SysCtlClockGet</name>
         <load_address>0x2e60</load_address>
         <run_address>0x2e60</run_address>
         <size>0x118</size>
         <input_file_ref idref="fl-e7"/>
      </object_component>
      <object_component id="oc-494">
         <name>.text:aligned_alloc</name>
         <load_address>0x2f78</load_address>
         <run_address>0x2f78</run_address>
         <size>0x100</size>
         <input_file_ref idref="fl-d7"/>
      </object_component>
      <object_component id="oc-112">
         <name>.text</name>
         <load_address>0x3078</load_address>
         <run_address>0x3078</run_address>
         <size>0xfc</size>
         <input_file_ref idref="fl-9"/>
      </object_component>
      <object_component id="oc-25e">
         <name>.text</name>
         <load_address>0x3174</load_address>
         <run_address>0x3174</run_address>
         <size>0xfc</size>
         <input_file_ref idref="fl-cf"/>
      </object_component>
      <object_component id="oc-d6">
         <name>.text:SysCtlClockSet</name>
         <load_address>0x3270</load_address>
         <run_address>0x3270</run_address>
         <size>0xf4</size>
         <input_file_ref idref="fl-e7"/>
      </object_component>
      <object_component id="oc-339">
         <name>.text:free</name>
         <load_address>0x3364</load_address>
         <run_address>0x3364</run_address>
         <size>0xe4</size>
         <input_file_ref idref="fl-d7"/>
      </object_component>
      <object_component id="oc-106">
         <name>.text</name>
         <load_address>0x3448</load_address>
         <run_address>0x3448</run_address>
         <size>0xbc</size>
         <input_file_ref idref="fl-2"/>
      </object_component>
      <object_component id="oc-1e9">
         <name>.text</name>
         <load_address>0x3504</load_address>
         <run_address>0x3504</run_address>
         <size>0xb8</size>
         <input_file_ref idref="fl-4"/>
      </object_component>
      <object_component id="oc-3e">
         <name>.text</name>
         <load_address>0x35bc</load_address>
         <run_address>0x35bc</run_address>
         <size>0x9c</size>
         <input_file_ref idref="fl-da"/>
      </object_component>
      <object_component id="oc-1d1">
         <name>.text:ADCSequenceStepConfigure</name>
         <load_address>0x3658</load_address>
         <run_address>0x3658</run_address>
         <size>0x7a</size>
         <input_file_ref idref="fl-e2"/>
      </object_component>
      <object_component id="oc-96">
         <name>.text</name>
         <load_address>0x36d2</load_address>
         <run_address>0x36d2</run_address>
         <size>0x7a</size>
         <input_file_ref idref="fl-db"/>
      </object_component>
      <object_component id="oc-11e">
         <name>.text</name>
         <load_address>0x374c</load_address>
         <run_address>0x374c</run_address>
         <size>0x74</size>
         <input_file_ref idref="fl-b"/>
      </object_component>
      <object_component id="oc-4b0">
         <name>.text:split</name>
         <load_address>0x37c0</load_address>
         <run_address>0x37c0</run_address>
         <size>0x70</size>
         <input_file_ref idref="fl-d7"/>
      </object_component>
      <object_component id="oc-263">
         <name>.text</name>
         <load_address>0x3830</load_address>
         <run_address>0x3830</run_address>
         <size>0x6e</size>
         <input_file_ref idref="fl-d0"/>
      </object_component>
      <object_component id="oc-32b">
         <name>.text:IntEnable</name>
         <load_address>0x38a0</load_address>
         <run_address>0x38a0</run_address>
         <size>0x68</size>
         <input_file_ref idref="fl-e4"/>
      </object_component>
      <object_component id="oc-15">
         <name>.text:decompress:lzss:__TI_decompress_lzss</name>
         <load_address>0x3908</load_address>
         <run_address>0x3908</run_address>
         <size>0x68</size>
         <input_file_ref idref="fl-d6"/>
      </object_component>
      <object_component id="oc-443">
         <name>.text:TimerConfigure</name>
         <load_address>0x3970</load_address>
         <run_address>0x3970</run_address>
         <size>0x60</size>
         <input_file_ref idref="fl-e9"/>
      </object_component>
      <object_component id="oc-34d">
         <name>.text</name>
         <load_address>0x39d0</load_address>
         <run_address>0x39d0</run_address>
         <size>0x5c</size>
         <input_file_ref idref="fl-13"/>
      </object_component>
      <object_component id="oc-213">
         <name>.text:GPIOIntTypeSet</name>
         <load_address>0x3a2c</load_address>
         <run_address>0x3a2c</run_address>
         <size>0x58</size>
         <input_file_ref idref="fl-e3"/>
      </object_component>
      <object_component id="oc-325">
         <name>.text:_ADCIntNumberGet</name>
         <load_address>0x3a84</load_address>
         <run_address>0x3a84</run_address>
         <size>0x50</size>
         <input_file_ref idref="fl-e2"/>
      </object_component>
      <object_component id="oc-1cb">
         <name>.text:ADCSequenceConfigure</name>
         <load_address>0x3ad4</load_address>
         <run_address>0x3ad4</run_address>
         <size>0x4c</size>
         <input_file_ref idref="fl-e2"/>
      </object_component>
      <object_component id="oc-22f">
         <name>.text:GPIOPinConfigure</name>
         <load_address>0x3b20</load_address>
         <run_address>0x3b20</run_address>
         <size>0x4c</size>
         <input_file_ref idref="fl-e3"/>
      </object_component>
      <object_component id="oc-27c">
         <name>.text:UARTConfigSetExpClk</name>
         <load_address>0x3b6c</load_address>
         <run_address>0x3b6c</run_address>
         <size>0x46</size>
         <input_file_ref idref="fl-ea"/>
      </object_component>
      <object_component id="oc-1ff">
         <name>.text</name>
         <load_address>0x3bb4</load_address>
         <run_address>0x3bb4</run_address>
         <size>0x44</size>
         <input_file_ref idref="fl-d"/>
      </object_component>
      <object_component id="oc-3ac">
         <name>.text:_GPIOIntNumberGet</name>
         <load_address>0x3bf8</load_address>
         <run_address>0x3bf8</run_address>
         <size>0x44</size>
         <input_file_ref idref="fl-e3"/>
      </object_component>
      <object_component id="oc-159">
         <name>.text:__TI_auto_init_nobinit_nopinit:__TI_auto_init_nobinit_nopinit</name>
         <load_address>0x3c3c</load_address>
         <run_address>0x3c3c</run_address>
         <size>0x44</size>
         <input_file_ref idref="fl-dc"/>
      </object_component>
      <object_component id="oc-2b1">
         <name>.text</name>
         <load_address>0x3c80</load_address>
         <run_address>0x3c80</run_address>
         <size>0x40</size>
         <input_file_ref idref="fl-d3"/>
      </object_component>
      <object_component id="oc-35f">
         <name>.text:SSIConfigSetExpClk</name>
         <load_address>0x3cc0</load_address>
         <run_address>0x3cc0</run_address>
         <size>0x3c</size>
         <input_file_ref idref="fl-e6"/>
      </object_component>
      <object_component id="oc-333">
         <name>.text:calloc</name>
         <load_address>0x3cfc</load_address>
         <run_address>0x3cfc</run_address>
         <size>0x38</size>
         <input_file_ref idref="fl-d7"/>
      </object_component>
      <object_component id="oc-259">
         <name>.text</name>
         <load_address>0x3d34</load_address>
         <run_address>0x3d34</run_address>
         <size>0x38</size>
         <input_file_ref idref="fl-d1"/>
      </object_component>
      <object_component id="oc-19a">
         <name>.text:IntRegister</name>
         <load_address>0x3d6c</load_address>
         <run_address>0x3d6c</run_address>
         <size>0x34</size>
         <input_file_ref idref="fl-e4"/>
      </object_component>
      <object_component id="oc-1a5">
         <name>.text:SysCtlPeripheralEnable</name>
         <load_address>0x3da0</load_address>
         <run_address>0x3da0</run_address>
         <size>0x34</size>
         <input_file_ref idref="fl-e7"/>
      </object_component>
      <object_component id="oc-5c">
         <name>.text:_c_int00_noargs:_c_int00_noargs</name>
         <load_address>0x3dd4</load_address>
         <run_address>0x3dd4</run_address>
         <size>0x34</size>
         <input_file_ref idref="fl-d8"/>
      </object_component>
      <object_component id="oc-268">
         <name>.text</name>
         <load_address>0x3e08</load_address>
         <run_address>0x3e08</run_address>
         <size>0x2e</size>
         <input_file_ref idref="fl-d2"/>
      </object_component>
      <object_component id="oc-30e">
         <name>.text:GPIODirModeSet</name>
         <load_address>0x3e36</load_address>
         <run_address>0x3e36</run_address>
         <size>0x2c</size>
         <input_file_ref idref="fl-e3"/>
      </object_component>
      <object_component id="oc-42f">
         <name>.text:free_list_insert</name>
         <load_address>0x3e64</load_address>
         <run_address>0x3e64</run_address>
         <size>0x28</size>
         <input_file_ref idref="fl-d7"/>
      </object_component>
      <object_component id="oc-23b">
         <name>.text:PWMGenConfigure</name>
         <load_address>0x3e8c</load_address>
         <run_address>0x3e8c</run_address>
         <size>0x22</size>
         <input_file_ref idref="fl-e5"/>
      </object_component>
      <object_component id="oc-3cd">
         <name>.text:UARTDisable</name>
         <load_address>0x3eb0</load_address>
         <run_address>0x3eb0</run_address>
         <size>0x20</size>
         <input_file_ref idref="fl-ea"/>
      </object_component>
      <object_component id="oc-1ef">
         <name>.text:ADCSequenceDataGet</name>
         <load_address>0x3ed0</load_address>
         <run_address>0x3ed0</run_address>
         <size>0x1e</size>
         <input_file_ref idref="fl-e2"/>
      </object_component>
      <object_component id="oc-247">
         <name>.text:PWMPulseWidthSet</name>
         <load_address>0x3eee</load_address>
         <run_address>0x3eee</run_address>
         <size>0x1e</size>
         <input_file_ref idref="fl-e5"/>
      </object_component>
      <object_component id="oc-e8">
         <name>.text:SysTickIntRegister</name>
         <load_address>0x3f0c</load_address>
         <run_address>0x3f0c</run_address>
         <size>0x1c</size>
         <input_file_ref idref="fl-e8"/>
      </object_component>
      <object_component id="oc-429">
         <name>.text:free_list_remove</name>
         <load_address>0x3f28</load_address>
         <run_address>0x3f28</run_address>
         <size>0x1c</size>
         <input_file_ref idref="fl-d7"/>
      </object_component>
      <object_component id="oc-371">
         <name>.text:GPIOPinTypeGPIOOutput</name>
         <load_address>0x3f44</load_address>
         <run_address>0x3f44</run_address>
         <size>0x1a</size>
         <input_file_ref idref="fl-e3"/>
      </object_component>
      <object_component id="oc-1dd">
         <name>.text:ADCIntRegister</name>
         <load_address>0x3f5e</load_address>
         <run_address>0x3f5e</run_address>
         <size>0x18</size>
         <input_file_ref idref="fl-e2"/>
      </object_component>
      <object_component id="oc-fa">
         <name>.text:ADCProcessorTrigger</name>
         <load_address>0x3f76</load_address>
         <run_address>0x3f76</run_address>
         <size>0x18</size>
         <input_file_ref idref="fl-e2"/>
      </object_component>
      <object_component id="oc-20d">
         <name>.text:GPIOIntRegister</name>
         <load_address>0x3f8e</load_address>
         <run_address>0x3f8e</run_address>
         <size>0x18</size>
         <input_file_ref idref="fl-e3"/>
      </object_component>
      <object_component id="oc-1ab">
         <name>.text:GPIOPinTypeGPIOInput</name>
         <load_address>0x3fa6</load_address>
         <run_address>0x3fa6</run_address>
         <size>0x16</size>
         <input_file_ref idref="fl-e3"/>
      </object_component>
      <object_component id="oc-235">
         <name>.text:GPIOPinTypePWM</name>
         <load_address>0x3fbc</load_address>
         <run_address>0x3fbc</run_address>
         <size>0x16</size>
         <input_file_ref idref="fl-e3"/>
      </object_component>
      <object_component id="oc-353">
         <name>.text:GPIOPinTypeSSI</name>
         <load_address>0x3fd2</load_address>
         <run_address>0x3fd2</run_address>
         <size>0x16</size>
         <input_file_ref idref="fl-e3"/>
      </object_component>
      <object_component id="oc-276">
         <name>.text:GPIOPinTypeUART</name>
         <load_address>0x3fe8</load_address>
         <run_address>0x3fe8</run_address>
         <size>0x16</size>
         <input_file_ref idref="fl-e3"/>
      </object_component>
      <object_component id="oc-f4">
         <name>.text:SysTickEnable</name>
         <load_address>0x4000</load_address>
         <run_address>0x4000</run_address>
         <size>0x14</size>
         <input_file_ref idref="fl-e8"/>
      </object_component>
      <object_component id="oc-ee">
         <name>.text:SysTickIntEnable</name>
         <load_address>0x4014</load_address>
         <run_address>0x4014</run_address>
         <size>0x14</size>
         <input_file_ref idref="fl-e8"/>
      </object_component>
      <object_component id="oc-288">
         <name>.text:UARTEnable</name>
         <load_address>0x4028</load_address>
         <run_address>0x4028</run_address>
         <size>0x14</size>
         <input_file_ref idref="fl-ea"/>
      </object_component>
      <object_component id="oc-253">
         <name>.text:PWMOutputState</name>
         <load_address>0x403c</load_address>
         <run_address>0x403c</run_address>
         <size>0x12</size>
         <input_file_ref idref="fl-e5"/>
      </object_component>
      <object_component id="oc-1e3">
         <name>.text:ADCIntEnable</name>
         <load_address>0x404e</load_address>
         <run_address>0x404e</run_address>
         <size>0x10</size>
         <input_file_ref idref="fl-e2"/>
      </object_component>
      <object_component id="oc-12a">
         <name>.text:IntMasterEnable</name>
         <load_address>0x405e</load_address>
         <run_address>0x405e</run_address>
         <size>0x10</size>
         <input_file_ref idref="fl-e4"/>
      </object_component>
      <object_component id="oc-241">
         <name>.text:PWMGenPeriodSet</name>
         <load_address>0x406e</load_address>
         <run_address>0x406e</run_address>
         <size>0x10</size>
         <input_file_ref idref="fl-e5"/>
      </object_component>
      <object_component id="oc-296">
         <name>.text:SysCtlReset</name>
         <load_address>0x4080</load_address>
         <run_address>0x4080</run_address>
         <size>0x10</size>
         <input_file_ref idref="fl-e7"/>
      </object_component>
      <object_component id="oc-e2">
         <name>.text:SysTickPeriodSet</name>
         <load_address>0x4090</load_address>
         <run_address>0x4090</run_address>
         <size>0x10</size>
         <input_file_ref idref="fl-e8"/>
      </object_component>
      <object_component id="oc-1d7">
         <name>.text:ADCSequenceEnable</name>
         <load_address>0x40a0</load_address>
         <run_address>0x40a0</run_address>
         <size>0xe</size>
         <input_file_ref idref="fl-e2"/>
      </object_component>
      <object_component id="oc-29c">
         <name>.text:GPIOIntDisable</name>
         <load_address>0x40ae</load_address>
         <run_address>0x40ae</run_address>
         <size>0xe</size>
         <input_file_ref idref="fl-e3"/>
      </object_component>
      <object_component id="oc-21f">
         <name>.text:GPIOIntStatus</name>
         <load_address>0x40bc</load_address>
         <run_address>0x40bc</run_address>
         <size>0xe</size>
         <input_file_ref idref="fl-e3"/>
      </object_component>
      <object_component id="oc-449">
         <name>.text:TimerEnable</name>
         <load_address>0x40ca</load_address>
         <run_address>0x40ca</run_address>
         <size>0xe</size>
         <input_file_ref idref="fl-e9"/>
      </object_component>
      <object_component id="oc-1b">
         <name>.text:decompress:none:__TI_decompress_none</name>
         <load_address>0x40d8</load_address>
         <run_address>0x40d8</run_address>
         <size>0xe</size>
         <input_file_ref idref="fl-d5"/>
      </object_component>
      <object_component id="oc-2aa">
         <name>.text:CPUcpsie</name>
         <load_address>0x40e6</load_address>
         <run_address>0x40e6</run_address>
         <size>0xc</size>
         <input_file_ref idref="fl-eb"/>
      </object_component>
      <object_component id="oc-219">
         <name>.text:GPIOIntEnable</name>
         <load_address>0x40f2</load_address>
         <run_address>0x40f2</run_address>
         <size>0xc</size>
         <input_file_ref idref="fl-e3"/>
      </object_component>
      <object_component id="oc-24d">
         <name>.text:PWMGenEnable</name>
         <load_address>0x40fe</load_address>
         <run_address>0x40fe</run_address>
         <size>0xc</size>
         <input_file_ref idref="fl-e5"/>
      </object_component>
      <object_component id="oc-389">
         <name>.text:SSIDataGet</name>
         <load_address>0x410a</load_address>
         <run_address>0x410a</run_address>
         <size>0xc</size>
         <input_file_ref idref="fl-e6"/>
      </object_component>
      <object_component id="oc-50">
         <name>.text:decompress:ZI:__TI_zero_init</name>
         <load_address>0x4116</load_address>
         <run_address>0x4116</run_address>
         <size>0xc</size>
         <input_file_ref idref="fl-d4"/>
      </object_component>
      <object_component id="oc-2a">
         <name>.text</name>
         <load_address>0x4122</load_address>
         <run_address>0x4122</run_address>
         <size>0xc</size>
         <input_file_ref idref="fl-a"/>
      </object_component>
      <object_component id="oc-1f5">
         <name>.text:ADCIntClear</name>
         <load_address>0x412e</load_address>
         <run_address>0x412e</run_address>
         <size>0xa</size>
         <input_file_ref idref="fl-e2"/>
      </object_component>
      <object_component id="oc-383">
         <name>.text:SSIDataPut</name>
         <load_address>0x4138</load_address>
         <run_address>0x4138</run_address>
         <size>0xa</size>
         <input_file_ref idref="fl-e6"/>
      </object_component>
      <object_component id="oc-365">
         <name>.text:SSIEnable</name>
         <load_address>0x4142</load_address>
         <run_address>0x4142</run_address>
         <size>0xa</size>
         <input_file_ref idref="fl-e6"/>
      </object_component>
      <object_component id="oc-44f">
         <name>.text:TimerValueGet</name>
         <load_address>0x414c</load_address>
         <run_address>0x414c</run_address>
         <size>0xa</size>
         <input_file_ref idref="fl-e9"/>
      </object_component>
      <object_component id="oc-28e">
         <name>.text:UARTCharPut</name>
         <load_address>0x4156</load_address>
         <run_address>0x4156</run_address>
         <size>0xa</size>
         <input_file_ref idref="fl-ea"/>
      </object_component>
      <object_component id="oc-282">
         <name>.text:UARTFIFOEnable</name>
         <load_address>0x4160</load_address>
         <run_address>0x4160</run_address>
         <size>0xa</size>
         <input_file_ref idref="fl-ea"/>
      </object_component>
      <object_component id="oc-37d">
         <name>.text:SSIBusy</name>
         <load_address>0x416a</load_address>
         <run_address>0x416a</run_address>
         <size>0x8</size>
         <input_file_ref idref="fl-e6"/>
      </object_component>
      <object_component id="oc-422">
         <name>.text:malloc</name>
         <load_address>0x4172</load_address>
         <run_address>0x4172</run_address>
         <size>0x8</size>
         <input_file_ref idref="fl-d7"/>
      </object_component>
      <object_component id="oc-225">
         <name>.text:GPIOIntClear</name>
         <load_address>0x417a</load_address>
         <run_address>0x417a</run_address>
         <size>0x6</size>
         <input_file_ref idref="fl-e3"/>
      </object_component>
      <object_component id="oc-1b7">
         <name>.text:GPIOPinRead</name>
         <load_address>0x4180</load_address>
         <run_address>0x4180</run_address>
         <size>0x6</size>
         <input_file_ref idref="fl-e3"/>
      </object_component>
      <object_component id="oc-36b">
         <name>.text:GPIOPinWrite</name>
         <load_address>0x4186</load_address>
         <run_address>0x4186</run_address>
         <size>0x6</size>
         <input_file_ref idref="fl-e3"/>
      </object_component>
      <object_component id="oc-359">
         <name>.text:SSIClockSourceSet</name>
         <load_address>0x418c</load_address>
         <run_address>0x418c</run_address>
         <size>0x6</size>
         <input_file_ref idref="fl-e6"/>
      </object_component>
      <object_component id="oc-130">
         <name>.text:SysCtlDelay</name>
         <load_address>0x4192</load_address>
         <run_address>0x4192</run_address>
         <size>0x6</size>
         <input_file_ref idref="fl-e7"/>
      </object_component>
      <object_component id="oc-9c">
         <name>.text:_system_pre_init</name>
         <load_address>0x4198</load_address>
         <run_address>0x4198</run_address>
         <size>0x4</size>
         <input_file_ref idref="fl-dd"/>
      </object_component>
      <object_component id="oc-14d">
         <name>.text:abort:abort</name>
         <load_address>0x419c</load_address>
         <run_address>0x419c</run_address>
         <size>0x4</size>
         <input_file_ref idref="fl-df"/>
      </object_component>
      <object_component id="oc-394">
         <name>.const:.string:rgbOledFont0</name>
         <load_address>0x41a0</load_address>
         <run_address>0x41a0</run_address>
         <size>0x300</size>
         <input_file_ref idref="fl-e"/>
      </object_component>
      <object_component id="oc-475">
         <name>.const:g_ppui32GPIOIntMapSnowflake</name>
         <load_address>0x44a0</load_address>
         <run_address>0x44a0</run_address>
         <size>0xd8</size>
         <input_file_ref idref="fl-e3"/>
      </object_component>
      <object_component id="oc-472">
         <name>.const:g_ppui32GPIOIntMapBlizzard</name>
         <load_address>0x4578</load_address>
         <run_address>0x4578</run_address>
         <size>0xc0</size>
         <input_file_ref idref="fl-e3"/>
      </object_component>
      <object_component id="oc-3ba">
         <name>.const:g_pui32GPIOBaseAddrs</name>
         <load_address>0x4638</load_address>
         <run_address>0x4638</run_address>
         <size>0x90</size>
         <input_file_ref idref="fl-e3"/>
      </object_component>
      <object_component id="oc-194">
         <name>.const:g_pui32Xtals</name>
         <load_address>0x46c8</load_address>
         <run_address>0x46c8</run_address>
         <size>0x6c</size>
         <input_file_ref idref="fl-e7"/>
      </object_component>
      <object_component id="oc-39f">
         <name>.const:.string:rgbFillPat</name>
         <load_address>0x4734</load_address>
         <run_address>0x4734</run_address>
         <size>0x40</size>
         <input_file_ref idref="fl-f"/>
      </object_component>
      <object_component id="oc-2b9">
         <name>.const:g_psDaysToMonth</name>
         <load_address>0x4774</load_address>
         <run_address>0x4774</run_address>
         <size>0x30</size>
         <input_file_ref idref="fl-c"/>
      </object_component>
      <object_component id="oc-3de">
         <name>.const:.string</name>
         <load_address>0x47a4</load_address>
         <run_address>0x47a4</run_address>
         <size>0x24</size>
         <input_file_ref idref="fl-6"/>
      </object_component>
      <object_component id="oc-2bc">
         <name>.const:g_pfExponents</name>
         <load_address>0x47c8</load_address>
         <run_address>0x47c8</run_address>
         <size>0x18</size>
         <input_file_ref idref="fl-c"/>
      </object_component>
      <object_component id="oc-41e">
         <name>.const:g_pui32EnRegs</name>
         <load_address>0x47e0</load_address>
         <run_address>0x47e0</run_address>
         <size>0x14</size>
         <input_file_ref idref="fl-e4"/>
      </object_component>
      <object_component id="oc-3ea">
         <name>.const:.string</name>
         <load_address>0x47f4</load_address>
         <run_address>0x47f4</run_address>
         <size>0x12</size>
         <input_file_ref idref="fl-c"/>
      </object_component>
      <object_component id="oc-2b6">
         <name>.const</name>
         <load_address>0x4808</load_address>
         <run_address>0x4808</run_address>
         <size>0x4</size>
         <input_file_ref idref="fl-c"/>
      </object_component>
      <object_component id="oc-4e8">
         <name>.cinit..data.load</name>
         <load_address>0x4810</load_address>
         <run_address>0x4810</run_address>
         <size>0x2f</size>
      </object_component>
      <object_component id="oc-4e5">
         <name>__TI_handler_table</name>
         <load_address>0x4840</load_address>
         <run_address>0x4840</run_address>
         <size>0xc</size>
      </object_component>
      <object_component id="oc-4e9">
         <name>.cinit..bss.load</name>
         <load_address>0x4850</load_address>
         <run_address>0x4850</run_address>
         <size>0x8</size>
      </object_component>
      <object_component id="oc-4e7">
         <name>.cinit..vtable.load</name>
         <load_address>0x4858</load_address>
         <run_address>0x4858</run_address>
         <size>0x8</size>
      </object_component>
      <object_component id="oc-4e6">
         <name>__TI_cinit_table</name>
         <load_address>0x4860</load_address>
         <run_address>0x4860</run_address>
         <size>0x18</size>
      </object_component>
      <object_component id="oc-306">
         <name>.vtable</name>
         <uninitialized>true</uninitialized>
         <run_address>0x20000000</run_address>
         <size>0x26c</size>
         <input_file_ref idref="fl-e4"/>
      </object_component>
      <object_component id="oc-2a2">
         <name>.data</name>
         <load_address>0x20000989</load_address>
         <run_address>0x20000989</run_address>
         <size>0x3</size>
         <input_file_ref idref="fl-6"/>
      </object_component>
      <object_component id="oc-2a5">
         <name>.data:HELISTATE_STRING</name>
         <load_address>0x2000095c</load_address>
         <run_address>0x2000095c</run_address>
         <size>0x10</size>
         <input_file_ref idref="fl-6"/>
      </object_component>
      <object_component id="oc-137">
         <name>.data</name>
         <load_address>0x2000097c</load_address>
         <run_address>0x2000097c</run_address>
         <size>0x8</size>
         <input_file_ref idref="fl-7"/>
      </object_component>
      <object_component id="oc-272">
         <name>.data</name>
         <load_address>0x20000940</load_address>
         <run_address>0x20000940</run_address>
         <size>0x1a</size>
         <input_file_ref idref="fl-8"/>
      </object_component>
      <object_component id="oc-22b">
         <name>.data</name>
         <load_address>0x20000984</load_address>
         <run_address>0x20000984</run_address>
         <size>0x5</size>
         <input_file_ref idref="fl-9"/>
      </object_component>
      <object_component id="oc-2bf">
         <name>.data</name>
         <load_address>0x2000098c</load_address>
         <run_address>0x2000098c</run_address>
         <size>0x4</size>
         <input_file_ref idref="fl-c"/>
      </object_component>
      <object_component id="oc-49b">
         <name>.data:$O1$$</name>
         <load_address>0x20000974</load_address>
         <run_address>0x20000974</run_address>
         <size>0x8</size>
         <input_file_ref idref="fl-d7"/>
      </object_component>
      <object_component id="oc-2db">
         <name>.data:$O1$$</name>
         <load_address>0x2000096c</load_address>
         <run_address>0x2000096c</run_address>
         <size>0x8</size>
         <input_file_ref idref="fl-e0"/>
      </object_component>
      <object_component id="oc-1fb">
         <name>.bss:g_inBuffer</name>
         <uninitialized>true</uninitialized>
         <run_address>0x200005d8</run_address>
         <size>0x10</size>
         <input_file_ref idref="fl-2"/>
      </object_component>
      <object_component id="oc-1c0">
         <name>.bss:but_state</name>
         <uninitialized>true</uninitialized>
         <run_address>0x200005f4</run_address>
         <size>0x4</size>
         <input_file_ref idref="fl-3"/>
      </object_component>
      <object_component id="oc-1c3">
         <name>.bss:but_count</name>
         <uninitialized>true</uninitialized>
         <run_address>0x200005e8</run_address>
         <size>0x4</size>
         <input_file_ref idref="fl-3"/>
      </object_component>
      <object_component id="oc-1c6">
         <name>.bss:but_flag</name>
         <uninitialized>true</uninitialized>
         <run_address>0x200005ec</run_address>
         <size>0x4</size>
         <input_file_ref idref="fl-3"/>
      </object_component>
      <object_component id="oc-1bd">
         <name>.bss:but_normal</name>
         <uninitialized>true</uninitialized>
         <run_address>0x200005f0</run_address>
         <size>0x4</size>
         <input_file_ref idref="fl-3"/>
      </object_component>
      <object_component id="oc-13a">
         <name>.common:statusStr</name>
         <uninitialized>true</uninitialized>
         <run_address>0x2000056c</run_address>
         <size>0x6c</size>
      </object_component>
      <object_component id="oc-45d">
         <name>.common:xcoOledCur</name>
         <uninitialized>true</uninitialized>
         <run_address>0x20000628</run_address>
         <size>0x4</size>
      </object_component>
      <object_component id="oc-45e">
         <name>.common:ycoOledCur</name>
         <uninitialized>true</uninitialized>
         <run_address>0x20000634</run_address>
         <size>0x4</size>
      </object_component>
      <object_component id="oc-43f">
         <name>.common:pbOledCur</name>
         <uninitialized>true</uninitialized>
         <run_address>0x2000060c</run_address>
         <size>0x4</size>
      </object_component>
      <object_component id="oc-45f">
         <name>.common:bnOledCur</name>
         <uninitialized>true</uninitialized>
         <run_address>0x200005f8</run_address>
         <size>0x4</size>
      </object_component>
      <object_component id="oc-39d">
         <name>.common:clrOledCur</name>
         <uninitialized>true</uninitialized>
         <run_address>0x20000638</run_address>
         <size>0x1</size>
      </object_component>
      <object_component id="oc-39e">
         <name>.common:pbOledPatCur</name>
         <uninitialized>true</uninitialized>
         <run_address>0x20000618</run_address>
         <size>0x4</size>
      </object_component>
      <object_component id="oc-3a2">
         <name>.common:fOledCharUpdate</name>
         <uninitialized>true</uninitialized>
         <run_address>0x20000604</run_address>
         <size>0x4</size>
      </object_component>
      <object_component id="oc-38f">
         <name>.common:dxcoOledFontCur</name>
         <uninitialized>true</uninitialized>
         <run_address>0x200005fc</run_address>
         <size>0x4</size>
      </object_component>
      <object_component id="oc-392">
         <name>.common:dycoOledFontCur</name>
         <uninitialized>true</uninitialized>
         <run_address>0x20000600</run_address>
         <size>0x4</size>
      </object_component>
      <object_component id="oc-393">
         <name>.common:pbOledFontCur</name>
         <uninitialized>true</uninitialized>
         <run_address>0x20000610</run_address>
         <size>0x4</size>
      </object_component>
      <object_component id="oc-397">
         <name>.common:pbOledFontUser</name>
         <uninitialized>true</uninitialized>
         <run_address>0x20000614</run_address>
         <size>0x4</size>
      </object_component>
      <object_component id="oc-3a3">
         <name>.common:rgbOledBmp</name>
         <uninitialized>true</uninitialized>
         <run_address>0x2000026c</run_address>
         <size>0x200</size>
      </object_component>
      <object_component id="oc-43d">
         <name>.common:xchOledCur</name>
         <uninitialized>true</uninitialized>
         <run_address>0x20000620</run_address>
         <size>0x4</size>
      </object_component>
      <object_component id="oc-43e">
         <name>.common:ychOledCur</name>
         <uninitialized>true</uninitialized>
         <run_address>0x2000062c</run_address>
         <size>0x4</size>
      </object_component>
      <object_component id="oc-39b">
         <name>.common:xchOledMax</name>
         <uninitialized>true</uninitialized>
         <run_address>0x20000624</run_address>
         <size>0x4</size>
      </object_component>
      <object_component id="oc-39c">
         <name>.common:ychOledMax</name>
         <uninitialized>true</uninitialized>
         <run_address>0x20000630</run_address>
         <size>0x4</size>
      </object_component>
      <object_component id="oc-398">
         <name>.common:rgbOledFontUser</name>
         <uninitialized>true</uninitialized>
         <run_address>0x2000046c</run_address>
         <size>0x100</size>
      </object_component>
      <object_component id="oc-463">
         <name>.common:pfnDoRop</name>
         <uninitialized>true</uninitialized>
         <run_address>0x2000061c</run_address>
         <size>0x4</size>
      </object_component>
      <object_component id="oc-460">
         <name>.common:modOledCur</name>
         <uninitialized>true</uninitialized>
         <run_address>0x20000608</run_address>
         <size>0x4</size>
      </object_component>
      <object_component id="oc-24">
         <name>.sysmem</name>
         <uninitialized>true</uninitialized>
         <run_address>0x20000840</run_address>
         <size>0x10</size>
         <input_file_ref idref="fl-d7"/>
      </object_component>
      <object_component id="oc-4ec">
         <name>.sysmem</name>
         <uninitialized>true</uninitialized>
         <run_address>0x20000840</run_address>
         <size>0x0</size>
      </object_component>
      <object_component id="oc-27">
         <name>.stack</name>
         <uninitialized>true</uninitialized>
         <run_address>0x20000640</run_address>
         <size>0x4</size>
         <input_file_ref idref="fl-d8"/>
      </object_component>
      <object_component id="oc-4eb">
         <name>.stack</name>
         <uninitialized>true</uninitialized>
         <run_address>0x20000640</run_address>
         <size>0x0</size>
      </object_component>
      <object_component id="oc-c5">
         <name>.debug_info</name>
         <load_address>0x0</load_address>
         <run_address>0x0</run_address>
         <size>0x4d7</size>
         <input_file_ref idref="fl-2"/>
      </object_component>
      <object_component id="oc-1fc">
         <name>.debug_info</name>
         <load_address>0x4d7</load_address>
         <run_address>0x4d7</run_address>
         <size>0xc1</size>
         <input_file_ref idref="fl-2"/>
      </object_component>
      <object_component id="oc-107">
         <name>.debug_info</name>
         <load_address>0x598</load_address>
         <run_address>0x598</run_address>
         <size>0x2c5</size>
         <input_file_ref idref="fl-2"/>
      </object_component>
      <object_component id="oc-18d">
         <name>.debug_info</name>
         <load_address>0x85d</load_address>
         <run_address>0x85d</run_address>
         <size>0x86</size>
         <input_file_ref idref="fl-2"/>
      </object_component>
      <object_component id="oc-77">
         <name>.debug_info</name>
         <load_address>0x8e3</load_address>
         <run_address>0x8e3</run_address>
         <size>0x26b</size>
         <input_file_ref idref="fl-2"/>
      </object_component>
      <object_component id="oc-39">
         <name>.debug_info</name>
         <load_address>0xb4e</load_address>
         <run_address>0xb4e</run_address>
         <size>0x84</size>
         <input_file_ref idref="fl-2"/>
      </object_component>
      <object_component id="oc-c0">
         <name>.debug_info</name>
         <load_address>0xbd2</load_address>
         <run_address>0xbd2</run_address>
         <size>0x2a4</size>
         <input_file_ref idref="fl-2"/>
      </object_component>
      <object_component id="oc-2fd">
         <name>.debug_info</name>
         <load_address>0xe76</load_address>
         <run_address>0xe76</run_address>
         <size>0xef</size>
         <input_file_ref idref="fl-2"/>
      </object_component>
      <object_component id="oc-7c">
         <name>.debug_info</name>
         <load_address>0xf65</load_address>
         <run_address>0xf65</run_address>
         <size>0xbb</size>
         <input_file_ref idref="fl-2"/>
      </object_component>
      <object_component id="oc-1ca">
         <name>.debug_info</name>
         <load_address>0x1020</load_address>
         <run_address>0x1020</run_address>
         <size>0x35a</size>
         <input_file_ref idref="fl-3"/>
      </object_component>
      <object_component id="oc-1c1">
         <name>.debug_info</name>
         <load_address>0x137a</load_address>
         <run_address>0x137a</run_address>
         <size>0xc4</size>
         <input_file_ref idref="fl-3"/>
      </object_component>
      <object_component id="oc-1c4">
         <name>.debug_info</name>
         <load_address>0x143e</load_address>
         <run_address>0x143e</run_address>
         <size>0xc4</size>
         <input_file_ref idref="fl-3"/>
      </object_component>
      <object_component id="oc-1c7">
         <name>.debug_info</name>
         <load_address>0x1502</load_address>
         <run_address>0x1502</run_address>
         <size>0xc2</size>
         <input_file_ref idref="fl-3"/>
      </object_component>
      <object_component id="oc-1be">
         <name>.debug_info</name>
         <load_address>0x15c4</load_address>
         <run_address>0x15c4</run_address>
         <size>0xc6</size>
         <input_file_ref idref="fl-3"/>
      </object_component>
      <object_component id="oc-101">
         <name>.debug_info</name>
         <load_address>0x168a</load_address>
         <run_address>0x168a</run_address>
         <size>0x38c</size>
         <input_file_ref idref="fl-3"/>
      </object_component>
      <object_component id="oc-13e">
         <name>.debug_info</name>
         <load_address>0x1a16</load_address>
         <run_address>0x1a16</run_address>
         <size>0x8b</size>
         <input_file_ref idref="fl-3"/>
      </object_component>
      <object_component id="oc-340">
         <name>.debug_info</name>
         <load_address>0x1aa1</load_address>
         <run_address>0x1aa1</run_address>
         <size>0x2c9</size>
         <input_file_ref idref="fl-4"/>
      </object_component>
      <object_component id="oc-1ec">
         <name>.debug_info</name>
         <load_address>0x1d6a</load_address>
         <run_address>0x1d6a</run_address>
         <size>0x31a</size>
         <input_file_ref idref="fl-4"/>
      </object_component>
      <object_component id="oc-438">
         <name>.debug_info</name>
         <load_address>0x2084</load_address>
         <run_address>0x2084</run_address>
         <size>0x110</size>
         <input_file_ref idref="fl-4"/>
      </object_component>
      <object_component id="oc-20c">
         <name>.debug_info</name>
         <load_address>0x2194</load_address>
         <run_address>0x2194</run_address>
         <size>0x343</size>
         <input_file_ref idref="fl-5"/>
      </object_component>
      <object_component id="oc-10e">
         <name>.debug_info</name>
         <load_address>0x24d7</load_address>
         <run_address>0x24d7</run_address>
         <size>0x59b</size>
         <input_file_ref idref="fl-5"/>
      </object_component>
      <object_component id="oc-143">
         <name>.debug_info</name>
         <load_address>0x2a72</load_address>
         <run_address>0x2a72</run_address>
         <size>0x51</size>
         <input_file_ref idref="fl-5"/>
      </object_component>
      <object_component id="oc-3a7">
         <name>.debug_info</name>
         <load_address>0x2ac3</load_address>
         <run_address>0x2ac3</run_address>
         <size>0xcc</size>
         <input_file_ref idref="fl-5"/>
      </object_component>
      <object_component id="oc-2c9">
         <name>.debug_info</name>
         <load_address>0x2b8f</load_address>
         <run_address>0x2b8f</run_address>
         <size>0x2c</size>
         <input_file_ref idref="fl-5"/>
      </object_component>
      <object_component id="oc-2d2">
         <name>.debug_info</name>
         <load_address>0x2bbb</load_address>
         <run_address>0x2bbb</run_address>
         <size>0x35</size>
         <input_file_ref idref="fl-5"/>
      </object_component>
      <object_component id="oc-2a9">
         <name>.debug_info</name>
         <load_address>0x2bf0</load_address>
         <run_address>0x2bf0</run_address>
         <size>0x603</size>
         <input_file_ref idref="fl-6"/>
      </object_component>
      <object_component id="oc-2a3">
         <name>.debug_info</name>
         <load_address>0x31f3</load_address>
         <run_address>0x31f3</run_address>
         <size>0x10a</size>
         <input_file_ref idref="fl-6"/>
      </object_component>
      <object_component id="oc-2a6">
         <name>.debug_info</name>
         <load_address>0x32fd</load_address>
         <run_address>0x32fd</run_address>
         <size>0xd3</size>
         <input_file_ref idref="fl-6"/>
      </object_component>
      <object_component id="oc-126">
         <name>.debug_info</name>
         <load_address>0x33d0</load_address>
         <run_address>0x33d0</run_address>
         <size>0x8f0</size>
         <input_file_ref idref="fl-6"/>
      </object_component>
      <object_component id="oc-148">
         <name>.debug_info</name>
         <load_address>0x3cc0</load_address>
         <run_address>0x3cc0</run_address>
         <size>0x5a</size>
         <input_file_ref idref="fl-6"/>
      </object_component>
      <object_component id="oc-2c4">
         <name>.debug_info</name>
         <load_address>0x3d1a</load_address>
         <run_address>0x3d1a</run_address>
         <size>0x196</size>
         <input_file_ref idref="fl-6"/>
      </object_component>
      <object_component id="oc-13b">
         <name>.debug_info</name>
         <load_address>0x3eb0</load_address>
         <run_address>0x3eb0</run_address>
         <size>0x884</size>
         <input_file_ref idref="fl-7"/>
      </object_component>
      <object_component id="oc-138">
         <name>.debug_info</name>
         <load_address>0x4734</load_address>
         <run_address>0x4734</run_address>
         <size>0x136</size>
         <input_file_ref idref="fl-7"/>
      </object_component>
      <object_component id="oc-a3">
         <name>.debug_info</name>
         <load_address>0x486a</load_address>
         <run_address>0x486a</run_address>
         <size>0x705</size>
         <input_file_ref idref="fl-7"/>
      </object_component>
      <object_component id="oc-273">
         <name>.debug_info</name>
         <load_address>0x4f6f</load_address>
         <run_address>0x4f6f</run_address>
         <size>0x12a</size>
         <input_file_ref idref="fl-8"/>
      </object_component>
      <object_component id="oc-119">
         <name>.debug_info</name>
         <load_address>0x5099</load_address>
         <run_address>0x5099</run_address>
         <size>0xd8c</size>
         <input_file_ref idref="fl-8"/>
      </object_component>
      <object_component id="oc-3b9">
         <name>.debug_info</name>
         <load_address>0x5e25</load_address>
         <run_address>0x5e25</run_address>
         <size>0x422</size>
         <input_file_ref idref="fl-9"/>
      </object_component>
      <object_component id="oc-22c">
         <name>.debug_info</name>
         <load_address>0x6247</load_address>
         <run_address>0x6247</run_address>
         <size>0xca</size>
         <input_file_ref idref="fl-9"/>
      </object_component>
      <object_component id="oc-115">
         <name>.debug_info</name>
         <load_address>0x6311</load_address>
         <run_address>0x6311</run_address>
         <size>0x305</size>
         <input_file_ref idref="fl-9"/>
      </object_component>
      <object_component id="oc-32">
         <name>.debug_info</name>
         <load_address>0x6616</load_address>
         <run_address>0x6616</run_address>
         <size>0x29c</size>
         <input_file_ref idref="fl-a"/>
      </object_component>
      <object_component id="oc-13">
         <name>.debug_info</name>
         <load_address>0x68b2</load_address>
         <run_address>0x68b2</run_address>
         <size>0xdb</size>
         <input_file_ref idref="fl-a"/>
      </object_component>
      <object_component id="oc-2b">
         <name>.debug_info</name>
         <load_address>0x698d</load_address>
         <run_address>0x698d</run_address>
         <size>0x257</size>
         <input_file_ref idref="fl-a"/>
      </object_component>
      <object_component id="oc-295">
         <name>.debug_info</name>
         <load_address>0x6be4</load_address>
         <run_address>0x6be4</run_address>
         <size>0x42f</size>
         <input_file_ref idref="fl-b"/>
      </object_component>
      <object_component id="oc-121">
         <name>.debug_info</name>
         <load_address>0x7013</load_address>
         <run_address>0x7013</run_address>
         <size>0x25c</size>
         <input_file_ref idref="fl-b"/>
      </object_component>
      <object_component id="oc-2c3">
         <name>.debug_info</name>
         <load_address>0x726f</load_address>
         <run_address>0x726f</run_address>
         <size>0x2dd</size>
         <input_file_ref idref="fl-c"/>
      </object_component>
      <object_component id="oc-2b7">
         <name>.debug_info</name>
         <load_address>0x754c</load_address>
         <run_address>0x754c</run_address>
         <size>0xe4</size>
         <input_file_ref idref="fl-c"/>
      </object_component>
      <object_component id="oc-2ba">
         <name>.debug_info</name>
         <load_address>0x7630</load_address>
         <run_address>0x7630</run_address>
         <size>0xf5</size>
         <input_file_ref idref="fl-c"/>
      </object_component>
      <object_component id="oc-2bd">
         <name>.debug_info</name>
         <load_address>0x7725</load_address>
         <run_address>0x7725</run_address>
         <size>0xf1</size>
         <input_file_ref idref="fl-c"/>
      </object_component>
      <object_component id="oc-2c0">
         <name>.debug_info</name>
         <load_address>0x7816</load_address>
         <run_address>0x7816</run_address>
         <size>0xf1</size>
         <input_file_ref idref="fl-c"/>
      </object_component>
      <object_component id="oc-135">
         <name>.debug_info</name>
         <load_address>0x7907</load_address>
         <run_address>0x7907</run_address>
         <size>0x134d</size>
         <input_file_ref idref="fl-c"/>
      </object_component>
      <object_component id="oc-34c">
         <name>.debug_info</name>
         <load_address>0x8c54</load_address>
         <run_address>0x8c54</run_address>
         <size>0x347</size>
         <input_file_ref idref="fl-d"/>
      </object_component>
      <object_component id="oc-201">
         <name>.debug_info</name>
         <load_address>0x8f9b</load_address>
         <run_address>0x8f9b</run_address>
         <size>0x326</size>
         <input_file_ref idref="fl-d"/>
      </object_component>
      <object_component id="oc-46c">
         <name>.debug_info</name>
         <load_address>0x92c1</load_address>
         <run_address>0x92c1</run_address>
         <size>0xdc</size>
         <input_file_ref idref="fl-e"/>
      </object_component>
      <object_component id="oc-395">
         <name>.debug_info</name>
         <load_address>0x939d</load_address>
         <run_address>0x939d</run_address>
         <size>0xf0</size>
         <input_file_ref idref="fl-e"/>
      </object_component>
      <object_component id="oc-471">
         <name>.debug_info</name>
         <load_address>0x948d</load_address>
         <run_address>0x948d</run_address>
         <size>0xd9</size>
         <input_file_ref idref="fl-f"/>
      </object_component>
      <object_component id="oc-3a0">
         <name>.debug_info</name>
         <load_address>0x9566</load_address>
         <run_address>0x9566</run_address>
         <size>0xeb</size>
         <input_file_ref idref="fl-f"/>
      </object_component>
      <object_component id="oc-390">
         <name>.debug_info</name>
         <load_address>0x9651</load_address>
         <run_address>0x9651</run_address>
         <size>0x849</size>
         <input_file_ref idref="fl-10"/>
      </object_component>
      <object_component id="oc-207">
         <name>.debug_info</name>
         <load_address>0x9e9a</load_address>
         <run_address>0x9e9a</run_address>
         <size>0xcc1</size>
         <input_file_ref idref="fl-10"/>
      </object_component>
      <object_component id="oc-399">
         <name>.debug_info</name>
         <load_address>0xab5b</load_address>
         <run_address>0xab5b</run_address>
         <size>0x4c6</size>
         <input_file_ref idref="fl-11"/>
      </object_component>
      <object_component id="oc-347">
         <name>.debug_info</name>
         <load_address>0xb021</load_address>
         <run_address>0xb021</run_address>
         <size>0x994</size>
         <input_file_ref idref="fl-11"/>
      </object_component>
      <object_component id="oc-461">
         <name>.debug_info</name>
         <load_address>0xb9b5</load_address>
         <run_address>0xb9b5</run_address>
         <size>0x4a0</size>
         <input_file_ref idref="fl-12"/>
      </object_component>
      <object_component id="oc-37b">
         <name>.debug_info</name>
         <load_address>0xbe55</load_address>
         <run_address>0xbe55</run_address>
         <size>0x1dc0</size>
         <input_file_ref idref="fl-12"/>
      </object_component>
      <object_component id="oc-34e">
         <name>.debug_info</name>
         <load_address>0xdc15</load_address>
         <run_address>0xdc15</run_address>
         <size>0x271</size>
         <input_file_ref idref="fl-13"/>
      </object_component>
      <object_component id="oc-270">
         <name>.debug_info</name>
         <load_address>0xde86</load_address>
         <run_address>0xde86</run_address>
         <size>0x13a</size>
         <input_file_ref idref="fl-ce"/>
      </object_component>
      <object_component id="oc-260">
         <name>.debug_info</name>
         <load_address>0xdfc0</load_address>
         <run_address>0xdfc0</run_address>
         <size>0x13a</size>
         <input_file_ref idref="fl-cf"/>
      </object_component>
      <object_component id="oc-264">
         <name>.debug_info</name>
         <load_address>0xe0fa</load_address>
         <run_address>0xe0fa</run_address>
         <size>0x13e</size>
         <input_file_ref idref="fl-d0"/>
      </object_component>
      <object_component id="oc-25c">
         <name>.debug_info</name>
         <load_address>0xe238</load_address>
         <run_address>0xe238</run_address>
         <size>0x12c</size>
         <input_file_ref idref="fl-d1"/>
      </object_component>
      <object_component id="oc-26a">
         <name>.debug_info</name>
         <load_address>0xe364</load_address>
         <run_address>0xe364</run_address>
         <size>0x12c</size>
         <input_file_ref idref="fl-d2"/>
      </object_component>
      <object_component id="oc-2b3">
         <name>.debug_info</name>
         <load_address>0xe490</load_address>
         <run_address>0xe490</run_address>
         <size>0x142</size>
         <input_file_ref idref="fl-d3"/>
      </object_component>
      <object_component id="oc-95">
         <name>.debug_info</name>
         <load_address>0xe5d2</load_address>
         <run_address>0xe5d2</run_address>
         <size>0x2d4</size>
         <input_file_ref idref="fl-d4"/>
      </object_component>
      <object_component id="oc-54">
         <name>.debug_info</name>
         <load_address>0xe8a6</load_address>
         <run_address>0xe8a6</run_address>
         <size>0x1b5</size>
         <input_file_ref idref="fl-d4"/>
      </object_component>
      <object_component id="oc-90">
         <name>.debug_info</name>
         <load_address>0xea5b</load_address>
         <run_address>0xea5b</run_address>
         <size>0x46</size>
         <input_file_ref idref="fl-d4"/>
      </object_component>
      <object_component id="oc-cd">
         <name>.debug_info</name>
         <load_address>0xeaa1</load_address>
         <run_address>0xeaa1</run_address>
         <size>0x2c</size>
         <input_file_ref idref="fl-d4"/>
      </object_component>
      <object_component id="oc-49">
         <name>.debug_info</name>
         <load_address>0xeacd</load_address>
         <run_address>0xeacd</run_address>
         <size>0x2a8</size>
         <input_file_ref idref="fl-d5"/>
      </object_component>
      <object_component id="oc-1d">
         <name>.debug_info</name>
         <load_address>0xed75</load_address>
         <run_address>0xed75</run_address>
         <size>0x1ea</size>
         <input_file_ref idref="fl-d5"/>
      </object_component>
      <object_component id="oc-44">
         <name>.debug_info</name>
         <load_address>0xef5f</load_address>
         <run_address>0xef5f</run_address>
         <size>0x46</size>
         <input_file_ref idref="fl-d5"/>
      </object_component>
      <object_component id="oc-88">
         <name>.debug_info</name>
         <load_address>0xefa5</load_address>
         <run_address>0xefa5</run_address>
         <size>0x2c</size>
         <input_file_ref idref="fl-d5"/>
      </object_component>
      <object_component id="oc-86">
         <name>.debug_info</name>
         <load_address>0xefd1</load_address>
         <run_address>0xefd1</run_address>
         <size>0x29e</size>
         <input_file_ref idref="fl-d6"/>
      </object_component>
      <object_component id="oc-16">
         <name>.debug_info</name>
         <load_address>0xf26f</load_address>
         <run_address>0xf26f</run_address>
         <size>0x250</size>
         <input_file_ref idref="fl-d6"/>
      </object_component>
      <object_component id="oc-34">
         <name>.debug_info</name>
         <load_address>0xf4bf</load_address>
         <run_address>0xf4bf</run_address>
         <size>0x60</size>
         <input_file_ref idref="fl-d6"/>
      </object_component>
      <object_component id="oc-c6">
         <name>.debug_info</name>
         <load_address>0xf51f</load_address>
         <run_address>0xf51f</run_address>
         <size>0x46</size>
         <input_file_ref idref="fl-d6"/>
      </object_component>
      <object_component id="oc-81">
         <name>.debug_info</name>
         <load_address>0xf565</load_address>
         <run_address>0xf565</run_address>
         <size>0x39</size>
         <input_file_ref idref="fl-d6"/>
      </object_component>
      <object_component id="oc-70">
         <name>.debug_info</name>
         <load_address>0xf59e</load_address>
         <run_address>0xf59e</run_address>
         <size>0x3b2</size>
         <input_file_ref idref="fl-d7"/>
      </object_component>
      <object_component id="oc-25">
         <name>.debug_info</name>
         <load_address>0xf950</load_address>
         <run_address>0xf950</run_address>
         <size>0x10c</size>
         <input_file_ref idref="fl-d7"/>
      </object_component>
      <object_component id="oc-49c">
         <name>.debug_info</name>
         <load_address>0xfa5c</load_address>
         <run_address>0xfa5c</run_address>
         <size>0x13f</size>
         <input_file_ref idref="fl-d7"/>
      </object_component>
      <object_component id="oc-425">
         <name>.debug_info</name>
         <load_address>0xfb9b</load_address>
         <run_address>0xfb9b</run_address>
         <size>0x168</size>
         <input_file_ref idref="fl-d7"/>
      </object_component>
      <object_component id="oc-42c">
         <name>.debug_info</name>
         <load_address>0xfd03</load_address>
         <run_address>0xfd03</run_address>
         <size>0x18e</size>
         <input_file_ref idref="fl-d7"/>
      </object_component>
      <object_component id="oc-432">
         <name>.debug_info</name>
         <load_address>0xfe91</load_address>
         <run_address>0xfe91</run_address>
         <size>0x19f</size>
         <input_file_ref idref="fl-d7"/>
      </object_component>
      <object_component id="oc-33c">
         <name>.debug_info</name>
         <load_address>0x10030</load_address>
         <run_address>0x10030</run_address>
         <size>0x203</size>
         <input_file_ref idref="fl-d7"/>
      </object_component>
      <object_component id="oc-4b4">
         <name>.debug_info</name>
         <load_address>0x10233</load_address>
         <run_address>0x10233</run_address>
         <size>0x1db</size>
         <input_file_ref idref="fl-d7"/>
      </object_component>
      <object_component id="oc-337">
         <name>.debug_info</name>
         <load_address>0x1040e</load_address>
         <run_address>0x1040e</run_address>
         <size>0x1a5</size>
         <input_file_ref idref="fl-d7"/>
      </object_component>
      <object_component id="oc-497">
         <name>.debug_info</name>
         <load_address>0x105b3</load_address>
         <run_address>0x105b3</run_address>
         <size>0x299</size>
         <input_file_ref idref="fl-d7"/>
      </object_component>
      <object_component id="oc-bb">
         <name>.debug_info</name>
         <load_address>0x1084c</load_address>
         <run_address>0x1084c</run_address>
         <size>0xb2</size>
         <input_file_ref idref="fl-d7"/>
      </object_component>
      <object_component id="oc-b6">
         <name>.debug_info</name>
         <load_address>0x108fe</load_address>
         <run_address>0x108fe</run_address>
         <size>0x2c</size>
         <input_file_ref idref="fl-d7"/>
      </object_component>
      <object_component id="oc-28">
         <name>.debug_info</name>
         <load_address>0x1092a</load_address>
         <run_address>0x1092a</run_address>
         <size>0x10b</size>
         <input_file_ref idref="fl-d8"/>
      </object_component>
      <object_component id="oc-5e">
         <name>.debug_info</name>
         <load_address>0x10a35</load_address>
         <run_address>0x10a35</run_address>
         <size>0x1a9</size>
         <input_file_ref idref="fl-d8"/>
      </object_component>
      <object_component id="oc-3e5">
         <name>.debug_info</name>
         <load_address>0x10bde</load_address>
         <run_address>0x10bde</run_address>
         <size>0x115</size>
         <input_file_ref idref="fl-d9"/>
      </object_component>
      <object_component id="oc-3f">
         <name>.debug_info</name>
         <load_address>0x10cf3</load_address>
         <run_address>0x10cf3</run_address>
         <size>0x119</size>
         <input_file_ref idref="fl-da"/>
      </object_component>
      <object_component id="oc-98">
         <name>.debug_info</name>
         <load_address>0x10e0c</load_address>
         <run_address>0x10e0c</run_address>
         <size>0x147</size>
         <input_file_ref idref="fl-db"/>
      </object_component>
      <object_component id="oc-2e2">
         <name>.debug_info</name>
         <load_address>0x10f53</load_address>
         <run_address>0x10f53</run_address>
         <size>0x4b3</size>
         <input_file_ref idref="fl-dc"/>
      </object_component>
      <object_component id="oc-15a">
         <name>.debug_info</name>
         <load_address>0x11406</load_address>
         <run_address>0x11406</run_address>
         <size>0x1a6</size>
         <input_file_ref idref="fl-dc"/>
      </object_component>
      <object_component id="oc-405">
         <name>.debug_info</name>
         <load_address>0x115ac</load_address>
         <run_address>0x115ac</run_address>
         <size>0x39</size>
         <input_file_ref idref="fl-dc"/>
      </object_component>
      <object_component id="oc-486">
         <name>.debug_info</name>
         <load_address>0x115e5</load_address>
         <run_address>0x115e5</run_address>
         <size>0x39</size>
         <input_file_ref idref="fl-dc"/>
      </object_component>
      <object_component id="oc-40a">
         <name>.debug_info</name>
         <load_address>0x1161e</load_address>
         <run_address>0x1161e</run_address>
         <size>0x39</size>
         <input_file_ref idref="fl-dc"/>
      </object_component>
      <object_component id="oc-40f">
         <name>.debug_info</name>
         <load_address>0x11657</load_address>
         <run_address>0x11657</run_address>
         <size>0xcd</size>
         <input_file_ref idref="fl-dc"/>
      </object_component>
      <object_component id="oc-9e">
         <name>.debug_info</name>
         <load_address>0x11724</load_address>
         <run_address>0x11724</run_address>
         <size>0x153</size>
         <input_file_ref idref="fl-dd"/>
      </object_component>
      <object_component id="oc-14e">
         <name>.debug_info</name>
         <load_address>0x11877</load_address>
         <run_address>0x11877</run_address>
         <size>0x122</size>
         <input_file_ref idref="fl-df"/>
      </object_component>
      <object_component id="oc-3ff">
         <name>.debug_info</name>
         <load_address>0x11999</load_address>
         <run_address>0x11999</run_address>
         <size>0x2c9</size>
         <input_file_ref idref="fl-e0"/>
      </object_component>
      <object_component id="oc-2dc">
         <name>.debug_info</name>
         <load_address>0x11c62</load_address>
         <run_address>0x11c62</run_address>
         <size>0x11e</size>
         <input_file_ref idref="fl-e0"/>
      </object_component>
      <object_component id="oc-3f9">
         <name>.debug_info</name>
         <load_address>0x11d80</load_address>
         <run_address>0x11d80</run_address>
         <size>0x12e</size>
         <input_file_ref idref="fl-e0"/>
      </object_component>
      <object_component id="oc-1a4">
         <name>.debug_info</name>
         <load_address>0x11eae</load_address>
         <run_address>0x11eae</run_address>
         <size>0x36b</size>
         <input_file_ref idref="fl-e2"/>
      </object_component>
      <object_component id="oc-1d2">
         <name>.debug_info</name>
         <load_address>0x12219</load_address>
         <run_address>0x12219</run_address>
         <size>0x29f</size>
         <input_file_ref idref="fl-e2"/>
      </object_component>
      <object_component id="oc-1d8">
         <name>.debug_info</name>
         <load_address>0x124b8</load_address>
         <run_address>0x124b8</run_address>
         <size>0x20c</size>
         <input_file_ref idref="fl-e2"/>
      </object_component>
      <object_component id="oc-1f0">
         <name>.debug_info</name>
         <load_address>0x126c4</load_address>
         <run_address>0x126c4</run_address>
         <size>0x26b</size>
         <input_file_ref idref="fl-e2"/>
      </object_component>
      <object_component id="oc-1cc">
         <name>.debug_info</name>
         <load_address>0x1292f</load_address>
         <run_address>0x1292f</run_address>
         <size>0x292</size>
         <input_file_ref idref="fl-e2"/>
      </object_component>
      <object_component id="oc-fb">
         <name>.debug_info</name>
         <load_address>0x12bc1</load_address>
         <run_address>0x12bc1</run_address>
         <size>0x210</size>
         <input_file_ref idref="fl-e2"/>
      </object_component>
      <object_component id="oc-326">
         <name>.debug_info</name>
         <load_address>0x12dd1</load_address>
         <run_address>0x12dd1</run_address>
         <size>0x22b</size>
         <input_file_ref idref="fl-e2"/>
      </object_component>
      <object_component id="oc-1de">
         <name>.debug_info</name>
         <load_address>0x12ffc</load_address>
         <run_address>0x12ffc</run_address>
         <size>0x24b</size>
         <input_file_ref idref="fl-e2"/>
      </object_component>
[...]
         <value>0x20000608</value>
      </symbol>
      <symbol id="sm-4bb">
         <name>OrbitOledGetPixel</name>
         <value>0x1013</value>
         <object_component_ref idref="oc-377"/>
      </symbol>
      <symbol id="sm-4bc">
         <name>OrbitOledMoveUp</name>
         <value>0x1725</value>
         <object_component_ref idref="oc-377"/>
      </symbol>
      <symbol id="sm-4bd">
         <name>OrbitOledMoveTo</name>
         <value>0xef1</value>
         <object_component_ref idref="oc-377"/>
      </symbol>
      <symbol id="sm-4be">
         <name>OrbitOledGetDrawMode</name>
         <value>0xfe1</value>
         <object_component_ref idref="oc-377"/>
      </symbol>
      <symbol id="sm-4bf">
         <name>OrbitOledDrawPixel</name>
         <value>0xfe7</value>
         <object_component_ref idref="oc-377"/>
      </symbol>
      <symbol id="sm-4c0">
         <name>OrbitOledDrawString</name>
         <value>0x166f</value>
         <object_component_ref idref="oc-377"/>
      </symbol>
      <symbol id="sm-4c1">
         <name>OrbitOledDrawChar</name>
         <value>0x1615</value>
         <object_component_ref idref="oc-377"/>
      </symbol>
      <symbol id="sm-4c2">
         <name>OrbitOledMoveDown</name>
         <value>0x1757</value>
         <object_component_ref idref="oc-377"/>
      </symbol>
      <symbol id="sm-4c3">
         <name>OrbitOledMoveRight</name>
         <value>0x17a5</value>
         <object_component_ref idref="oc-377"/>
      </symbol>
      <symbol id="sm-4c4">
         <name>OrbitOledFillRect</name>
         <value>0x11b1</value>
         <object_component_ref idref="oc-377"/>
      </symbol>
      <symbol id="sm-4c5">
         <name>OrbitOledLineTo</name>
         <value>0x102d</value>
         <object_component_ref idref="oc-377"/>
      </symbol>
      <symbol id="sm-4c6">
         <name>OrbitOledGetStdPattern</name>
         <value>0xf6b</value>
         <object_component_ref idref="oc-377"/>
      </symbol>
      <symbol id="sm-4c7">
         <name>OrbitOledSetDrawColor</name>
         <value>0xf53</value>
         <object_component_ref idref="oc-377"/>
      </symbol>
      <symbol id="sm-4c8">
         <name>OrbitOledDrawRect</name>
         <value>0x112d</value>
         <object_component_ref idref="oc-377"/>
      </symbol>
      <symbol id="sm-4c9">
         <name>OrbitOledClampYco</name>
         <value>0x17df</value>
         <object_component_ref idref="oc-377"/>
      </symbol>
      <symbol id="sm-4ca">
         <name>OrbitOledGetPos</name>
         <value>0xf37</value>
         <object_component_ref idref="oc-377"/>
      </symbol>
      <symbol id="sm-4cb">
         <name>OrbitOledRopSet</name>
         <value>0x168d</value>
         <object_component_ref idref="oc-377"/>
      </symbol>
      <symbol id="sm-4cc">
         <name>OrbitOledRopXor</name>
         <value>0x16ff</value>
         <object_component_ref idref="oc-377"/>
      </symbol>
      <symbol id="sm-4cd">
         <name>OrbitOledGetBmp</name>
         <value>0x12f5</value>
         <object_component_ref idref="oc-377"/>
      </symbol>
      <symbol id="sm-4ce">
         <name>OrbitOledMoveLeft</name>
         <value>0x178d</value>
         <object_component_ref idref="oc-377"/>
      </symbol>
      <symbol id="sm-4cf">
         <name>OrbitOledRopAnd</name>
         <value>0x16db</value>
         <object_component_ref idref="oc-377"/>
      </symbol>
      <symbol id="sm-4d0">
         <name>OrbitOledPutBmp</name>
         <value>0x1441</value>
         <object_component_ref idref="oc-377"/>
      </symbol>
      <symbol id="sm-4d1">
         <name>OrbitOledSetDrawMode</name>
         <value>0xf8d</value>
         <object_component_ref idref="oc-377"/>
      </symbol>
      <symbol id="sm-4d2">
         <name>OrbitOledClampXco</name>
         <value>0x17bf</value>
         <object_component_ref idref="oc-377"/>
      </symbol>
      <symbol id="sm-4d3">
         <name>OrbitOledSetFillPattern</name>
         <value>0xf7d</value>
         <object_component_ref idref="oc-377"/>
      </symbol>
      <symbol id="sm-4d4">
         <name>OrbitOledRopOr</name>
         <value>0x16b7</value>
         <object_component_ref idref="oc-377"/>
      </symbol>
      <symbol id="sm-4e6">
         <name>DelayMs</name>
         <value>0x39eb</value>
         <object_component_ref idref="oc-34d"/>
      </symbol>
      <symbol id="sm-4e7">
         <name>DelayInit</name>
         <value>0x39d1</value>
         <object_component_ref idref="oc-34d"/>
      </symbol>
      <symbol id="sm-4fb">
         <name>__aeabi_ddiv</name>
         <value>0x2d29</value>
         <object_component_ref idref="oc-26d"/>
      </symbol>
      <symbol id="sm-506">
         <name>__aeabi_dmul</name>
         <value>0x3175</value>
         <object_component_ref idref="oc-25e"/>
      </symbol>
      <symbol id="sm-512">
         <name>__aeabi_d2f</name>
         <value>0x3831</value>
         <object_component_ref idref="oc-263"/>
      </symbol>
      <symbol id="sm-51d">
         <name>__aeabi_f2d</name>
         <value>0x3d35</value>
         <object_component_ref idref="oc-259"/>
      </symbol>
      <symbol id="sm-527">
         <name>__aeabi_i2d</name>
         <value>0x3e09</value>
         <object_component_ref idref="oc-268"/>
      </symbol>
      <symbol id="sm-536">
         <name>__aeabi_uidivmod</name>
         <value>0x3c81</value>
         <object_component_ref idref="oc-2b1"/>
      </symbol>
      <symbol id="sm-537">
         <name>__aeabi_uidiv</name>
         <value>0x3c81</value>
         <object_component_ref idref="oc-2b1"/>
      </symbol>
      <symbol id="sm-54e">
         <name>__TI_zero_init</name>
         <value>0x4117</value>
         <object_component_ref idref="oc-50"/>
      </symbol>
      <symbol id="sm-565">
         <name>__TI_decompress_none</name>
         <value>0x40d9</value>
         <object_component_ref idref="oc-1b"/>
      </symbol>
      <symbol id="sm-588">
         <name>__TI_decompress_lzss</name>
         <value>0x3909</value>
         <object_component_ref idref="oc-15"/>
      </symbol>
      <symbol id="sm-61d">
         <name>_sys_memory</name>
         <value>0x20000840</value>
         <object_component_ref idref="oc-24"/>
      </symbol>
      <symbol id="sm-61e">
         <name>free</name>
         <value>0x3365</value>
         <object_component_ref idref="oc-339"/>
      </symbol>
      <symbol id="sm-61f">
         <name>memalign</name>
         <value>0x2f79</value>
         <object_component_ref idref="oc-494"/>
      </symbol>
      <symbol id="sm-620">
         <name>calloc</name>
         <value>0x3cfd</value>
         <object_component_ref idref="oc-333"/>
      </symbol>
      <symbol id="sm-621">
         <name>malloc</name>
         <value>0x4173</value>
         <object_component_ref idref="oc-422"/>
      </symbol>
      <symbol id="sm-622">
         <name>aligned_alloc</name>
         <value>0x2f79</value>
         <object_component_ref idref="oc-494"/>
      </symbol>
      <symbol id="sm-635">
         <name>__stack</name>
         <value>0x20000640</value>
         <object_component_ref idref="oc-27"/>
      </symbol>
      <symbol id="sm-636">
         <name>_c_int00_noargs</name>
         <value>0x3dd5</value>
         <object_component_ref idref="oc-5c"/>
      </symbol>
      <symbol id="sm-640">
         <name>__aeabi_idiv0</name>
         <value>0x2e5f</value>
         <object_component_ref idref="oc-3e4"/>
      </symbol>
      <symbol id="sm-641">
         <name>__aeabi_ldiv0</name>
         <value>0x2e5f</value>
         <object_component_ref idref="oc-3e4"/>
      </symbol>
      <symbol id="sm-65c">
         <name>memcpy</name>
         <value>0x35bd</value>
         <object_component_ref idref="oc-3e"/>
      </symbol>
      <symbol id="sm-65d">
         <name>__aeabi_memcpy</name>
         <value>0x35bd</value>
         <object_component_ref idref="oc-3e"/>
      </symbol>
      <symbol id="sm-65e">
         <name>__aeabi_memcpy8</name>
         <value>0x35bd</value>
         <object_component_ref idref="oc-3e"/>
      </symbol>
      <symbol id="sm-65f">
         <name>__aeabi_memcpy4</name>
         <value>0x35bd</value>
         <object_component_ref idref="oc-3e"/>
      </symbol>
      <symbol id="sm-66e">
         <name>__aeabi_memset</name>
         <value>0x36d5</value>
         <object_component_ref idref="oc-96"/>
      </symbol>
      <symbol id="sm-66f">
         <name>memset</name>
         <value>0x36db</value>
         <object_component_ref idref="oc-96"/>
      </symbol>
      <symbol id="sm-670">
         <name>__aeabi_memset8</name>
         <value>0x36d5</value>
         <object_component_ref idref="oc-96"/>
      </symbol>
      <symbol id="sm-671">
         <name>__aeabi_memset4</name>
         <value>0x36d5</value>
         <object_component_ref idref="oc-96"/>
      </symbol>
      <symbol id="sm-672">
         <name>__aeabi_memclr8</name>
         <value>0x36d3</value>
         <object_component_ref idref="oc-96"/>
      </symbol>
      <symbol id="sm-673">
         <name>__aeabi_memclr4</name>
         <value>0x36d3</value>
         <object_component_ref idref="oc-96"/>
      </symbol>
      <symbol id="sm-674">
         <name>__aeabi_memclr</name>
         <value>0x36d3</value>
         <object_component_ref idref="oc-96"/>
      </symbol>
      <symbol id="sm-69c">
         <name>__TI_auto_init_nobinit_nopinit</name>
         <value>0x3c3d</value>
         <object_component_ref idref="oc-159"/>
      </symbol>
      <symbol id="sm-6a6">
         <name>_system_pre_init</name>
         <value>0x4199</value>
         <object_component_ref idref="oc-9c"/>
      </symbol>
      <symbol id="sm-6b2">
         <name>C$$EXIT</name>
         <value>0x419d</value>
         <object_component_ref idref="oc-14d"/>
      </symbol>
      <symbol id="sm-6b3">
         <name>abort</name>
         <value>0x419d</value>
         <object_component_ref idref="oc-14d"/>
      </symbol>
      <symbol id="sm-6c8">
         <name>_nop</name>
         <value>0x2bbb</value>
         <object_component_ref idref="oc-3f7"/>
      </symbol>
      <symbol id="sm-6c9">
         <name>_lock</name>
         <value>0x2000096c</value>
         <object_component_ref idref="oc-2db"/>
      </symbol>
      <symbol id="sm-6ca">
         <name>_unlock</name>
         <value>0x20000970</value>
         <object_component_ref idref="oc-2db"/>
      </symbol>
      <symbol id="sm-729">
         <name>ADCProcessorTrigger</name>
         <value>0x3f77</value>
         <object_component_ref idref="oc-fa"/>
      </symbol>
      <symbol id="sm-72a">
         <name>ADCSequenceEnable</name>
         <value>0x40a1</value>
         <object_component_ref idref="oc-1d7"/>
      </symbol>
      <symbol id="sm-72b">
         <name>ADCSequenceConfigure</name>
         <value>0x3ad5</value>
         <object_component_ref idref="oc-1cb"/>
      </symbol>
      <symbol id="sm-72c">
         <name>ADCIntEnable</name>
         <value>0x404f</value>
         <object_component_ref idref="oc-1e3"/>
      </symbol>
      <symbol id="sm-72d">
         <name>ADCSequenceStepConfigure</name>
         <value>0x3659</value>
         <object_component_ref idref="oc-1d1"/>
      </symbol>
      <symbol id="sm-72e">
         <name>ADCIntClear</name>
         <value>0x412f</value>
         <object_component_ref idref="oc-1f5"/>
      </symbol>
      <symbol id="sm-72f">
         <name>ADCIntRegister</name>
         <value>0x3f5f</value>
         <object_component_ref idref="oc-1dd"/>
      </symbol>
      <symbol id="sm-730">
         <name>ADCSequenceDataGet</name>
         <value>0x3ed1</value>
         <object_component_ref idref="oc-1ef"/>
      </symbol>
      <symbol id="sm-7e9">
         <name>GPIOPinTypePWM</name>
         <value>0x3fbd</value>
         <object_component_ref idref="oc-235"/>
      </symbol>
      <symbol id="sm-7ea">
         <name>GPIOIntRegister</name>
         <value>0x3f8f</value>
         <object_component_ref idref="oc-20d"/>
      </symbol>
      <symbol id="sm-7eb">
         <name>GPIOPinConfigure</name>
         <value>0x3b21</value>
         <object_component_ref idref="oc-22f"/>
      </symbol>
      <symbol id="sm-7ec">
         <name>GPIOIntDisable</name>
         <value>0x40af</value>
         <object_component_ref idref="oc-29c"/>
      </symbol>
      <symbol id="sm-7ed">
         <name>GPIOIntEnable</name>
         <value>0x40f3</value>
         <object_component_ref idref="oc-219"/>
      </symbol>
      <symbol id="sm-7ee">
         <name>GPIOIntTypeSet</name>
         <value>0x3a2d</value>
         <object_component_ref idref="oc-213"/>
      </symbol>
      <symbol id="sm-7ef">
         <name>GPIOPinTypeGPIOInput</name>
         <value>0x3fa7</value>
         <object_component_ref idref="oc-1ab"/>
      </symbol>
      <symbol id="sm-7f0">
         <name>GPIOIntClear</name>
         <value>0x417b</value>
         <object_component_ref idref="oc-225"/>
      </symbol>
      <symbol id="sm-7f1">
         <name>GPIOPinTypeUART</name>
         <value>0x3fe9</value>
         <object_component_ref idref="oc-276"/>
      </symbol>
      <symbol id="sm-7f2">
         <name>GPIOIntStatus</name>
         <value>0x40bd</value>
         <object_component_ref idref="oc-21f"/>
      </symbol>
      <symbol id="sm-7f3">
         <name>GPIOPinTypeGPIOOutput</name>
         <value>0x3f45</value>
         <object_component_ref idref="oc-371"/>
      </symbol>
      <symbol id="sm-7f4">
         <name>GPIOPinRead</name>
         <value>0x4181</value>
         <object_component_ref idref="oc-1b7"/>
      </symbol>
      <symbol id="sm-7f5">
         <name>GPIODirModeSet</name>
         <value>0x3e37</value>
         <object_component_ref idref="oc-30e"/>
      </symbol>
      <symbol id="sm-7f6">
         <name>GPIOPinWrite</name>
         <value>0x4187</value>
         <object_component_ref idref="oc-36b"/>
      </symbol>
      <symbol id="sm-7f7">
         <name>GPIOPadConfigSet</name>
         <value>0x2bbd</value>
         <object_component_ref idref="oc-1b1"/>
      </symbol>
      <symbol id="sm-7f8">
         <name>GPIOPinTypeSSI</name>
         <value>0x3fd3</value>
         <object_component_ref idref="oc-353"/>
      </symbol>
      <symbol id="sm-832">
         <name>IntEnable</name>
         <value>0x38a1</value>
         <object_component_ref idref="oc-32b"/>
      </symbol>
      <symbol id="sm-833">
         <name>IntRegister</name>
         <value>0x3d6d</value>
         <object_component_ref idref="oc-19a"/>
      </symbol>
      <symbol id="sm-834">
         <name>g_pfnRAMVectors</name>
         <value>0x20000000</value>
         <object_component_ref idref="oc-306"/>
      </symbol>
      <symbol id="sm-835">
         <name>IntMasterEnable</name>
         <value>0x405f</value>
         <object_component_ref idref="oc-12a"/>
      </symbol>
      <symbol id="sm-862">
         <name>PWMGenPeriodSet</name>
         <value>0x406f</value>
         <object_component_ref idref="oc-241"/>
      </symbol>
      <symbol id="sm-863">
         <name>PWMPulseWidthSet</name>
         <value>0x3eef</value>
         <object_component_ref idref="oc-247"/>
      </symbol>
      <symbol id="sm-864">
         <name>PWMOutputState</name>
         <value>0x403d</value>
         <object_component_ref idref="oc-253"/>
      </symbol>
      <symbol id="sm-865">
         <name>PWMGenEnable</name>
         <value>0x40ff</value>
         <object_component_ref idref="oc-24d"/>
      </symbol>
      <symbol id="sm-866">
         <name>PWMGenConfigure</name>
         <value>0x3e8d</value>
         <object_component_ref idref="oc-23b"/>
      </symbol>
      <symbol id="sm-89e">
         <name>SSIDataPut</name>
         <value>0x4139</value>
         <object_component_ref idref="oc-383"/>
      </symbol>
      <symbol id="sm-89f">
         <name>SSIDataGet</name>
         <value>0x410b</value>
         <object_component_ref idref="oc-389"/>
      </symbol>
      <symbol id="sm-8a0">
         <name>SSIConfigSetExpClk</name>
         <value>0x3cc1</value>
         <object_component_ref idref="oc-35f"/>
      </symbol>
      <symbol id="sm-8a1">
         <name>SSIEnable</name>
         <value>0x4143</value>
         <object_component_ref idref="oc-365"/>
      </symbol>
      <symbol id="sm-8a2">
         <name>SSIClockSourceSet</name>
         <value>0x418d</value>
         <object_component_ref idref="oc-359"/>
      </symbol>
      <symbol id="sm-8a3">
         <name>SSIBusy</name>
         <value>0x416b</value>
         <object_component_ref idref="oc-37d"/>
      </symbol>
      <symbol id="sm-902">
         <name>SysCtlClockSet</name>
         <value>0x3271</value>
         <object_component_ref idref="oc-d6"/>
      </symbol>
      <symbol id="sm-903">
         <name>SysCtlDelay</name>
         <value>0x4193</value>
         <object_component_ref idref="oc-130"/>
      </symbol>
      <symbol id="sm-904">
         <name>SysCtlPeripheralEnable</name>
         <value>0x3da1</value>
         <object_component_ref idref="oc-1a5"/>
      </symbol>
      <symbol id="sm-905">
         <name>SysCtlReset</name>
         <value>0x4081</value>
         <object_component_ref idref="oc-296"/>
      </symbol>
      <symbol id="sm-906">
         <name>SysCtlClockGet</name>
         <value>0x2e61</value>
         <object_component_ref idref="oc-dc"/>
      </symbol>
      <symbol id="sm-933">
         <name>SysTickEnable</name>
         <value>0x4001</value>
         <object_component_ref idref="oc-f4"/>
      </symbol>
      <symbol id="sm-934">
         <name>SysTickIntRegister</name>
         <value>0x3f0d</value>
         <object_component_ref idref="oc-e8"/>
      </symbol>
      <symbol id="sm-935">
         <name>SysTickIntEnable</name>
         <value>0x4015</value>
         <object_component_ref idref="oc-ee"/>
      </symbol>
      <symbol id="sm-936">
         <name>SysTickPeriodSet</name>
         <value>0x4091</value>
         <object_component_ref idref="oc-e2"/>
      </symbol>
      <symbol id="sm-95a">
         <name>TimerEnable</name>
         <value>0x40cb</value>
         <object_component_ref idref="oc-449"/>
      </symbol>
      <symbol id="sm-95b">
         <name>TimerValueGet</name>
         <value>0x414d</value>
         <object_component_ref idref="oc-44f"/>
      </symbol>
      <symbol id="sm-95c">
         <name>TimerConfigure</name>
         <value>0x3971</value>
         <object_component_ref idref="oc-443"/>
      </symbol>
      <symbol id="sm-98e">
         <name>UARTConfigSetExpClk</name>
         <value>0x3b6d</value>
         <object_component_ref idref="oc-27c"/>
      </symbol>
      <symbol id="sm-98f">
         <name>UARTDisable</name>
         <value>0x3eb1</value>
         <object_component_ref idref="oc-3cd"/>
      </symbol>
      <symbol id="sm-990">
         <name>UARTCharPut</name>
         <value>0x4157</value>
         <object_component_ref idref="oc-28e"/>
      </symbol>
      <symbol id="sm-991">
         <name>UARTEnable</name>
         <value>0x4029</value>
         <object_component_ref idref="oc-288"/>
      </symbol>
      <symbol id="sm-992">
         <name>UARTFIFOEnable</name>
         <value>0x4161</value>
         <object_component_ref idref="oc-282"/>
      </symbol>
      <symbol id="sm-99c">
         <name>CPUcpsie</name>
         <value>0x40e7</value>
         <object_component_ref idref="oc-2aa"/>
      </symbol>
      <symbol id="sm-99d">
         <name>__TI_static_base__</name>
         <value>0x0</value>
      </symbol>
      <symbol id="sm-9a0">
         <name>__mpu_init</name>
         <value>0x0</value>
      </symbol>
      <symbol id="sm-9a1">
         <name>_system_post_cinit</name>
         <value>0x0</value>
      </symbol>
   </symbol_table>
   <title>Link successful</title>
</link_info>
