******************************************************************************
                  TI ARM Linker PC v20.2.7                     
******************************************************************************
>> Linked Fri Mar 15 16:36:20 2024

OUTPUT FILE NAME:   <Week4Lab.out>
ENTRY POINT SYMBOL: "_c_int00_noargs"  address: 00002a09


MEMORY CONFIGURATION

         name            origin    length      used     unused   attr    fill
----------------------  --------  ---------  --------  --------  ----  --------
  FLASH                 00000000   00040000  000030c2  0003cf3e  R  X
  SRAM                  20000000   00008000  000008d7  00007729  RW X


SEGMENT ALLOCATION MAP

run origin  load origin   length   init length attrs members
----------  ----------- ---------- ----------- ----- -------
00000000    00000000    000030c8   000030c8    r-x
  00000000    00000000    0000026c   0000026c    r-- .intvecs
  0000026c    0000026c    0000297a   0000297a    r-x .text
  00002be8    00002be8    0000049c   0000049c    r-- .const
  00003088    00003088    00000040   00000040    r-- .cinit
20000000    20000000    000008de   00000000    rw-
  20000000    20000000    0000026c   00000000    rw- .vtable
  2000026c    2000026c    00000365   00000000    rw- .bss
  200005d8    200005d8    00000200   00000000    rw- .stack
  200007d8    200007d8    00000100   00000000    rw- .sysmem
  200008d8    200008d8    00000006   00000000    rw- .data


SECTION ALLOCATION MAP

 output                                  attributes/
section   page    origin      length       input sections
--------  ----  ----------  ----------   ----------------
.intvecs   0    00000000    0000026c     
                  00000000    0000026c     tm4c123gh6pm_startup_ccs.obj (.intvecs)

.text      0    0000026c    0000297a     
                  0000026c    00000c84     ustdlib.obj (.text)
                  00000ef0    00000950     OrbitOledGrph.obj (.text)
                  00001840    0000037c     OrbitOled.obj (.text)
                  00001bbc    00000274     uartDemo.obj (.text)
                  00001e30    00000220     buttons4.obj (.text)
                  00002050    00000204     OrbitOledChar.obj (.text)
                  00002254    0000016c     driverlib.lib : gpio.obj (.text:GPIOPadConfigSet)
                  000023c0    00000118                   : sysctl.obj (.text:SysCtlClockGet)
                  000024d8    000000f4                   : sysctl.obj (.text:SysCtlClockSet)
                  000025cc    0000009c     rtsv7M4_T_le_v4SPD16_eabi.lib : memcpy_t2.asm.obj (.text)
                  00002668    0000007a                                   : memset_t2.asm.obj (.text)
                  000026e2    00000068                                   : copy_decompress_lzss.c.obj (.text:decompress:lzss:__TI_decompress_lzss)
                  0000274a    00000002                                   : div0.asm.obj (.text)
                  0000274c    00000060     driverlib.lib : timer.obj (.text:TimerConfigure)
                  000027ac    0000005c     delay.obj (.text)
                  00002808    0000004c     driverlib.lib : gpio.obj (.text:GPIOPinConfigure)
                  00002854    00000046                   : uart.obj (.text:UARTConfigSetExpClk)
                  0000289a    00000002     --HOLE-- [fill = 0]
                  0000289c    00000044     OrbitOLEDInterface.obj (.text)
                  000028e0    00000044     rtsv7M4_T_le_v4SPD16_eabi.lib : autoinit.c.obj (.text:__TI_auto_init_nobinit_nopinit:__TI_auto_init_nobinit_nopinit)
                  00002924    00000040                                   : u_divt2.asm.obj (.text)
                  00002964    0000003c     driverlib.lib : ssi.obj (.text:SSIConfigSetExpClk)
                  000029a0    00000034                   : interrupt.obj (.text:IntRegister)
                  000029d4    00000034                   : sysctl.obj (.text:SysCtlPeripheralEnable)
                  00002a08    00000034     rtsv7M4_T_le_v4SPD16_eabi.lib : boot_cortex_m.c.obj (.text:_c_int00_noargs:_c_int00_noargs)
                  00002a3c    0000002c     driverlib.lib : gpio.obj (.text:GPIODirModeSet)
                  00002a68    00000020                   : uart.obj (.text:UARTDisable)
                  00002a88    0000001c                   : systick.obj (.text:SysTickIntRegister)
                  00002aa4    0000001a                   : gpio.obj (.text:GPIOPinTypeGPIOOutput)
                  00002abe    00000016                   : gpio.obj (.text:GPIOPinTypeGPIOInput)
                  00002ad4    00000016                   : gpio.obj (.text:GPIOPinTypeSSI)
                  00002aea    00000016                   : gpio.obj (.text:GPIOPinTypeUART)
                  00002b00    00000014                   : systick.obj (.text:SysTickEnable)
                  00002b14    00000014                   : systick.obj (.text:SysTickIntEnable)
                  00002b28    00000014                   : uart.obj (.text:UARTEnable)
                  00002b3c    00000010                   : systick.obj (.text:SysTickPeriodSet)
                  00002b4c    0000000e                   : timer.obj (.text:TimerEnable)
                  00002b5a    0000000e     rtsv7M4_T_le_v4SPD16_eabi.lib : copy_decompress_none.c.obj (.text:decompress:none:__TI_decompress_none)
                  00002b68    0000000c     driverlib.lib : ssi.obj (.text:SSIDataGet)
                  00002b74    0000000c     rtsv7M4_T_le_v4SPD16_eabi.lib : copy_zero_init.c.obj (.text:decompress:ZI:__TI_zero_init)
                  00002b80    0000000c     tm4c123gh6pm_startup_ccs.obj (.text)
                  00002b8c    0000000a     driverlib.lib : ssi.obj (.text:SSIDataPut)
                  00002b96    0000000a                   : ssi.obj (.text:SSIEnable)
                  00002ba0    0000000a                   : timer.obj (.text:TimerValueGet)
                  00002baa    0000000a                   : uart.obj (.text:UARTCharPut)
                  00002bb4    0000000a                   : uart.obj (.text:UARTFIFOEnable)
                  00002bbe    00000008                   : ssi.obj (.text:SSIBusy)
                  00002bc6    00000006                   : gpio.obj (.text:GPIOPinRead)
                  00002bcc    00000006                   : gpio.obj (.text:GPIOPinWrite)
                  00002bd2    00000006                   : ssi.obj (.text:SSIClockSourceSet)
                  00002bd8    00000006                   : sysctl.obj (.text:SysCtlDelay)
                  00002bde    00000004     rtsv7M4_T_le_v4SPD16_eabi.lib : pre_init.c.obj (.text:_system_pre_init)
                  00002be2    00000004                                   : exit.c.obj (.text:abort:abort)

.const     0    00002be8    0000049c     
                  00002be8    00000300     ChrFont0.obj (.const:.string:rgbOledFont0)
                  00002ee8    00000090     driverlib.lib : gpio.obj (.const:g_pui32GPIOBaseAddrs)
                  00002f78    0000006c                   : sysctl.obj (.const:g_pui32Xtals)
                  00002fe4    00000040     FillPat.obj (.const:.string:rgbFillPat)
                  00003024    00000030     ustdlib.obj (.const:g_psDaysToMonth)
                  00003054    00000018     ustdlib.obj (.const:g_pfExponents)
                  0000306c    00000012     ustdlib.obj (.const:.string)
                  0000307e    00000002     --HOLE-- [fill = 0]
                  00003080    00000004     ustdlib.obj (.const)

.cinit     0    00003088    00000040     
                  00003088    0000000c     (__TI_handler_table)
                  00003094    00000004     --HOLE-- [fill = 0]
                  00003098    00000008     (.cinit..bss.load) [load image, compression = zero_init]
                  000030a0    00000008     (.cinit..data.load) [load image, compression = lzss]
                  000030a8    00000008     (.cinit..vtable.load) [load image, compression = zero_init]
                  000030b0    00000018     (__TI_cinit_table)

.init_array 
*          0    00000000    00000000     UNINITIALIZED

.vtable    0    20000000    0000026c     UNINITIALIZED
                  20000000    0000026c     driverlib.lib : interrupt.obj (.vtable)

.bss       0    2000026c    00000365     UNINITIALIZED
                  2000026c    00000200     (.common:rgbOledBmp)
                  2000046c    00000100     (.common:rgbOledFontUser)
                  2000056c    00000014     (.common:statusStr)
                  20000580    00000004     buttons4.obj (.bss:but_count)
                  20000584    00000004     buttons4.obj (.bss:but_flag)
                  20000588    00000004     buttons4.obj (.bss:but_normal)
                  2000058c    00000004     buttons4.obj (.bss:but_state)
                  20000590    00000004     (.common:bnOledCur)
                  20000594    00000004     (.common:dxcoOledFontCur)
                  20000598    00000004     (.common:dycoOledFontCur)
                  2000059c    00000004     (.common:fOledCharUpdate)
                  200005a0    00000004     (.common:modOledCur)
                  200005a4    00000004     (.common:pbOledCur)
                  200005a8    00000004     (.common:pbOledFontCur)
                  200005ac    00000004     (.common:pbOledFontUser)
                  200005b0    00000004     (.common:pbOledPatCur)
                  200005b4    00000004     (.common:pfnDoRop)
                  200005b8    00000004     (.common:xchOledCur)
                  200005bc    00000004     (.common:xchOledMax)
                  200005c0    00000004     (.common:xcoOledCur)
                  200005c4    00000004     (.common:ychOledCur)
                  200005c8    00000004     (.common:ychOledMax)
                  200005cc    00000004     (.common:ycoOledCur)
                  200005d0    00000001     (.common:clrOledCur)

.stack     0    200005d8    00000200     UNINITIALIZED
                  200005d8    00000004     rtsv7M4_T_le_v4SPD16_eabi.lib : boot_cortex_m.c.obj (.stack)
                  200005dc    000001fc     --HOLE--

.sysmem    0    200007d8    00000100     UNINITIALIZED
                  200007d8    00000010     rtsv7M4_T_le_v4SPD16_eabi.lib : memory.c.obj (.sysmem)
                  200007e8    000000f0     --HOLE--

.data      0    200008d8    00000006     UNINITIALIZED
                  200008d8    00000004     ustdlib.obj (.data)
                  200008dc    00000002     uartDemo.obj (.data)

__llvm_prf_cnts 
*          0    20000000    00000000     UNINITIALIZED

MODULE SUMMARY

       Module                         code    ro data   rw data
       ------                         ----    -------   -------
    .\
       ustdlib.obj                    3204    94        4      
       uartDemo.obj                   628     0         22     
       tm4c123gh6pm_startup_ccs.obj   12      620       0      
       buttons4.obj                   544     0         16     
    +--+------------------------------+-------+---------+---------+
       Total:                         4388    714       42     
                                                               
    .\OrbitOLED\
       OrbitOLEDInterface.obj         68      0         0      
    +--+------------------------------+-------+---------+---------+
       Total:                         68      0         0      
                                                               
    .\OrbitOLED\lib_OrbitOled\
       OrbitOledGrph.obj              2384    0         8      
       OrbitOled.obj                  892     0         553    
       OrbitOledChar.obj              516     0         272    
       ChrFont0.obj                   0       768       0      
       delay.obj                      92      0         0      
       FillPat.obj                    0       64        0      
    +--+------------------------------+-------+---------+---------+
       Total:                         3884    832       833    
                                                               
    C:/ti/TivaWare_C_Series-2.2.0.295/driverlib/ccs/Debug/driverlib.lib
       gpio.obj                       588     144       0      
       sysctl.obj                     582     108       0      
       interrupt.obj                  52      0         620    
       uart.obj                       142     0         0      
       timer.obj                      120     0         0      
       ssi.obj                        106     0         0      
       systick.obj                    84      0         0      
    +--+------------------------------+-------+---------+---------+
       Total:                         1674    252       620    
                                                               
    C:\ti\ccs1250\ccs\tools\compiler\ti-cgt-arm_20.2.7.LTS\lib\rtsv7M4_T_le_v4SPD16_eabi.lib
       memcpy_t2.asm.obj              156     0         0      
       memset_t2.asm.obj              122     0         0      
       copy_decompress_lzss.c.obj     104     0         0      
       autoinit.c.obj                 68      0         0      
       u_divt2.asm.obj                64      0         0      
       boot_cortex_m.c.obj            52      0         0      
       copy_decompress_none.c.obj     14      0         0      
       copy_zero_init.c.obj           12      0         0      
       exit.c.obj                     4       0         0      
       pre_init.c.obj                 4       0         0      
       div0.asm.obj                   2       0         0      
    +--+------------------------------+-------+---------+---------+
       Total:                         602     0         0      
                                                               
       Heap:                          0       0         256    
       Stack:                         0       0         512    
       Linker Generated:              0       60        0      
    +--+------------------------------+-------+---------+---------+
       Grand Total:                   10616   1858      2263   


LINKER GENERATED COPY TABLES

__TI_cinit_table @ 000030b0 records: 3, size/record: 8, table size: 24
	.bss: load addr=00003098, load size=00000008 bytes, run addr=2000026c, run size=00000365 bytes, compression=zero_init
	.data: load addr=000030a0, load size=00000008 bytes, run addr=200008d8, run size=00000006 bytes, compression=lzss
	.vtable: load addr=000030a8, load size=00000008 bytes, run addr=20000000, run size=0000026c bytes, compression=zero_init


LINKER GENERATED HANDLER TABLE

__TI_handler_table @ 00003088 records: 3, size/record: 4, table size: 12
	index: 0, handler: __TI_zero_init
	index: 1, handler: __TI_decompress_lzss
	index: 2, handler: __TI_decompress_none


GLOBAL SYMBOLS: SORTED ALPHABETICALLY BY Name 

address   name                          
-------   ----                          
00002be3  C$$EXIT                       
000027ad  DelayInit                     
000027c7  DelayMs                       
00002a3d  GPIODirModeSet                
00002255  GPIOPadConfigSet              
00002809  GPIOPinConfigure              
00002bc7  GPIOPinRead                   
00002abf  GPIOPinTypeGPIOInput          
00002aa5  GPIOPinTypeGPIOOutput         
00002ad5  GPIOPinTypeSSI                
00002aeb  GPIOPinTypeUART               
00002bcd  GPIOPinWrite                  
000029a1  IntRegister                   
000028c3  OLEDInitialise                
0000289d  OLEDStringDraw                
000021e9  OrbitOledAdvanceCursor        
000017e1  OrbitOledClampXco             
00001801  OrbitOledClampYco             
00001a1d  OrbitOledClear                
00001a29  OrbitOledClearBuffer          
000020b9  OrbitOledDefUserChar          
00001999  OrbitOledDevInit              
00001623  OrbitOledDrawChar             
00002171  OrbitOledDrawGlyph            
00000fe7  OrbitOledDrawPixel            
0000112d  OrbitOledDrawRect             
00001683  OrbitOledDrawString           
0000191f  OrbitOledDvrInit              
000011b1  OrbitOledFillRect             
000012f5  OrbitOledGetBmp               
00002121  OrbitOledGetCharUpdate        
0000209d  OrbitOledGetCursor            
00000fe1  OrbitOledGetDrawMode          
00001013  OrbitOledGetPixel             
00000f37  OrbitOledGetPos               
00000f6b  OrbitOledGetStdPattern        
00001855  OrbitOledHostInit             
00001841  OrbitOledInit                 
0000102d  OrbitOledLineTo               
00001779  OrbitOledMoveDown             
000017af  OrbitOledMoveLeft             
000017c7  OrbitOledMoveRight            
00000ef1  OrbitOledMoveTo               
00001741  OrbitOledMoveUp               
00001455  OrbitOledPutBmp               
00001ab3  OrbitOledPutBuffer            
00002127  OrbitOledPutChar              
00002145  OrbitOledPutString            
000016ef  OrbitOledRopAnd               
000016cb  OrbitOledRopOr                
000016a1  OrbitOledRopSet               
00001713  OrbitOledRopXor               
00002109  OrbitOledSetCharUpdate        
00002051  OrbitOledSetCursor            
00000f53  OrbitOledSetDrawColor         
00000f8d  OrbitOledSetDrawMode          
00000f7d  OrbitOledSetFillPattern       
00001a59  OrbitOledUpdate               
00002b81  ResetISR                      
00002bbf  SSIBusy                       
00002bd3  SSIClockSourceSet             
00002965  SSIConfigSetExpClk            
00002b69  SSIDataGet                    
00002b8d  SSIDataPut                    
00002b97  SSIEnable                     
00001b19  Ssi3PutByte                   
000023c1  SysCtlClockGet                
000024d9  SysCtlClockSet                
00002bd9  SysCtlDelay                   
000029d5  SysCtlPeripheralEnable        
00002b01  SysTickEnable                 
00002b15  SysTickIntEnable              
00001bbd  SysTickIntHandler             
00002a89  SysTickIntRegister            
00002b3d  SysTickPeriodSet              
0000274d  TimerConfigure                
00002b4d  TimerEnable                   
00002ba1  TimerValueGet                 
00002bab  UARTCharPut                   
00002855  UARTConfigSetExpClk           
00002a69  UARTDisable                   
00002b29  UARTEnable                    
00002bb5  UARTFIFOEnable                
00001c5d  UARTSend                      
200007d8  __STACK_END                   
00000200  __STACK_SIZE                  
200007d8  __STACK_TOP                   
00000100  __SYSMEM_SIZE                 
000030b0  __TI_CINIT_Base               
000030c8  __TI_CINIT_Limit              
00003088  __TI_Handler_Table_Base       
00003094  __TI_Handler_Table_Limit      
000028e1  __TI_auto_init_nobinit_nopinit
000026e3  __TI_decompress_lzss          
00002b5b  __TI_decompress_none          
ffffffff  __TI_pprof_out_hndl           
ffffffff  __TI_prof_data_size           
ffffffff  __TI_prof_data_start          
00000000  __TI_static_base__            
00002b75  __TI_zero_init                
0000274b  __aeabi_idiv0                 
0000274b  __aeabi_ldiv0                 
00002669  __aeabi_memclr                
00002669  __aeabi_memclr4               
00002669  __aeabi_memclr8               
000025cd  __aeabi_memcpy                
000025cd  __aeabi_memcpy4               
000025cd  __aeabi_memcpy8               
0000266b  __aeabi_memset                
0000266b  __aeabi_memset4               
0000266b  __aeabi_memset8               
00002925  __aeabi_uidiv                 
00002925  __aeabi_uidivmod              
ffffffff  __binit__                     
ffffffff  __c_args__                    
UNDEFED   __mpu_init                    
200005d8  __stack                       
20000000  __start___llvm_prf_cnts       
20000000  __stop___llvm_prf_cnts        
00002a09  _c_int00_noargs               
200007d8  _sys_memory                   
UNDEFED   _system_post_cinit            
00002bdf  _system_pre_init              
00002be3  abort                         
ffffffff  binit                         
20000590  bnOledCur                     
00001fd3  checkButton                   
200005d0  clrOledCur                    
00001c7d  displayButtonState            
20000594  dxcoOledFontCur               
20000598  dycoOledFontCur               
2000059c  fOledCharUpdate               
20000000  g_pfnRAMVectors               
00000000  g_pfnVectors                  
00001e31  initButtons                   
00001be5  initClock                     
00001c0f  initDisplay                   
00001bef  initSysTick                   
00001c17  initialiseUSB_UART            
00001cbd  main                          
000025cd  memcpy                        
00002671  memset                        
200005a0  modOledCur                    
200005a4  pbOledCur                     
200005a8  pbOledFontCur                 
200005ac  pbOledFontUser                
200005b0  pbOledPatCur                  
200005b4  pfnDoRop                      
00002fe4  rgbFillPat                    
2000026c  rgbOledBmp                    
00002be8  rgbOledFont0                  
2000046c  rgbOledFontUser               
200008dc  slowTick                      
2000056c  statusStr                     
00000751  ulocaltime                    
0000094f  umktime                       
00001eff  updateButtons                 
00000ec9  urand                         
00000721  usnprintf                     
000006ef  usprintf                      
00000eb9  usrand                        
00000e31  ustrcasecmp                   
00000ea5  ustrcmp                       
00000d35  ustrlen                       
00000d8d  ustrncasecmp                  
00000e45  ustrncmp                      
0000026d  ustrncpy                      
00000d57  ustrstr                       
00000afd  ustrtof                       
000009c5  ustrtoul                      
000002c5  uvsnprintf                    
200005b8  xchOledCur                    
200005bc  xchOledMax                    
200005c0  xcoOledCur                    
200005c4  ychOledCur                    
200005c8  ychOledMax                    
200005cc  ycoOledCur                    


GLOBAL SYMBOLS: SORTED BY Symbol Address 

address   name                          
-------   ----                          
00000000  __TI_static_base__            
00000000  g_pfnVectors                  
00000100  __SYSMEM_SIZE                 
00000200  __STACK_SIZE                  
0000026d  ustrncpy                      
000002c5  uvsnprintf                    
000006ef  usprintf                      
00000721  usnprintf                     
00000751  ulocaltime                    
0000094f  umktime                       
000009c5  ustrtoul                      
00000afd  ustrtof                       
00000d35  ustrlen                       
00000d57  ustrstr                       
00000d8d  ustrncasecmp                  
00000e31  ustrcasecmp                   
00000e45  ustrncmp                      
00000ea5  ustrcmp                       
00000eb9  usrand                        
00000ec9  urand                         
00000ef1  OrbitOledMoveTo               
00000f37  OrbitOledGetPos               
00000f53  OrbitOledSetDrawColor         
00000f6b  OrbitOledGetStdPattern        
00000f7d  OrbitOledSetFillPattern       
00000f8d  OrbitOledSetDrawMode          
00000fe1  OrbitOledGetDrawMode          
00000fe7  OrbitOledDrawPixel            
00001013  OrbitOledGetPixel             
0000102d  OrbitOledLineTo               
0000112d  OrbitOledDrawRect             
000011b1  OrbitOledFillRect             
000012f5  OrbitOledGetBmp               
00001455  OrbitOledPutBmp               
00001623  OrbitOledDrawChar             
00001683  OrbitOledDrawString           
000016a1  OrbitOledRopSet               
000016cb  OrbitOledRopOr                
000016ef  OrbitOledRopAnd               
00001713  OrbitOledRopXor               
00001741  OrbitOledMoveUp               
00001779  OrbitOledMoveDown             
000017af  OrbitOledMoveLeft             
000017c7  OrbitOledMoveRight            
000017e1  OrbitOledClampXco             
00001801  OrbitOledClampYco             
00001841  OrbitOledInit                 
00001855  OrbitOledHostInit             
0000191f  OrbitOledDvrInit              
00001999  OrbitOledDevInit              
00001a1d  OrbitOledClear                
00001a29  OrbitOledClearBuffer          
00001a59  OrbitOledUpdate               
00001ab3  OrbitOledPutBuffer            
00001b19  Ssi3PutByte                   
00001bbd  SysTickIntHandler             
00001be5  initClock                     
00001bef  initSysTick                   
00001c0f  initDisplay                   
00001c17  initialiseUSB_UART            
00001c5d  UARTSend                      
00001c7d  displayButtonState            
00001cbd  main                          
00001e31  initButtons                   
00001eff  updateButtons                 
00001fd3  checkButton                   
00002051  OrbitOledSetCursor            
0000209d  OrbitOledGetCursor            
000020b9  OrbitOledDefUserChar          
00002109  OrbitOledSetCharUpdate        
00002121  OrbitOledGetCharUpdate        
00002127  OrbitOledPutChar              
00002145  OrbitOledPutString            
00002171  OrbitOledDrawGlyph            
000021e9  OrbitOledAdvanceCursor        
00002255  GPIOPadConfigSet              
000023c1  SysCtlClockGet                
000024d9  SysCtlClockSet                
000025cd  __aeabi_memcpy                
000025cd  __aeabi_memcpy4               
000025cd  __aeabi_memcpy8               
000025cd  memcpy                        
00002669  __aeabi_memclr                
00002669  __aeabi_memclr4               
00002669  __aeabi_memclr8               
0000266b  __aeabi_memset                
0000266b  __aeabi_memset4               
0000266b  __aeabi_memset8               
00002671  memset                        
000026e3  __TI_decompress_lzss          
0000274b  __aeabi_idiv0                 
0000274b  __aeabi_ldiv0                 
0000274d  TimerConfigure                
000027ad  DelayInit                     
000027c7  DelayMs                       
00002809  GPIOPinConfigure              
00002855  UARTConfigSetExpClk           
0000289d  OLEDStringDraw                
000028c3  OLEDInitialise                
000028e1  __TI_auto_init_nobinit_nopinit
00002925  __aeabi_uidiv                 
00002925  __aeabi_uidivmod              
00002965  SSIConfigSetExpClk            
000029a1  IntRegister                   
000029d5  SysCtlPeripheralEnable        
00002a09  _c_int00_noargs               
00002a3d  GPIODirModeSet                
00002a69  UARTDisable                   
00002a89  SysTickIntRegister            
00002aa5  GPIOPinTypeGPIOOutput         
00002abf  GPIOPinTypeGPIOInput          
00002ad5  GPIOPinTypeSSI                
00002aeb  GPIOPinTypeUART               
00002b01  SysTickEnable                 
00002b15  SysTickIntEnable              
00002b29  UARTEnable                    
00002b3d  SysTickPeriodSet              
00002b4d  TimerEnable                   
00002b5b  __TI_decompress_none          
00002b69  SSIDataGet                    
00002b75  __TI_zero_init                
00002b81  ResetISR                      
00002b8d  SSIDataPut                    
00002b97  SSIEnable                     
00002ba1  TimerValueGet                 
00002bab  UARTCharPut                   
00002bb5  UARTFIFOEnable                
00002bbf  SSIBusy                       
00002bc7  GPIOPinRead                   
00002bcd  GPIOPinWrite                  
00002bd3  SSIClockSourceSet             
00002bd9  SysCtlDelay                   
00002bdf  _system_pre_init              
00002be3  C$$EXIT                       
00002be3  abort                         
00002be8  rgbOledFont0                  
00002fe4  rgbFillPat                    
00003088  __TI_Handler_Table_Base       
00003094  __TI_Handler_Table_Limit      
000030b0  __TI_CINIT_Base               
000030c8  __TI_CINIT_Limit              
20000000  __start___llvm_prf_cnts       
20000000  __stop___llvm_prf_cnts        
20000000  g_pfnRAMVectors               
2000026c  rgbOledBmp                    
2000046c  rgbOledFontUser               
2000056c  statusStr                     
20000590  bnOledCur                     
20000594  dxcoOledFontCur               
20000598  dycoOledFontCur               
2000059c  fOledCharUpdate               
200005a0  modOledCur                    
200005a4  pbOledCur                     
200005a8  pbOledFontCur                 
200005ac  pbOledFontUser                
200005b0  pbOledPatCur                  
200005b4  pfnDoRop                      
200005b8  xchOledCur                    
200005bc  xchOledMax                    
200005c0  xcoOledCur                    
200005c4  ychOledCur                    
200005c8  ychOledMax                    
200005cc  ycoOledCur                    
200005d0  clrOledCur                    
200005d8  __stack                       
200007d8  __STACK_END                   
200007d8  __STACK_TOP                   
200007d8  _sys_memory                   
200008dc  slowTick                      
ffffffff  __TI_pprof_out_hndl           
ffffffff  __TI_prof_data_size           
ffffffff  __TI_prof_data_start          
ffffffff  __binit__                     
ffffffff  __c_args__                    
ffffffff  binit                         
UNDEFED   __mpu_init                    
UNDEFED   _system_post_cinit            

[177 symbols]
